../Core/Src/main.c:82:6:vPrintSerial	16	static
../Core/Src/main.c:105:5:main	16	static
../Core/Src/main.c:161:6:SystemClock_Config	88	static
../Core/Src/main.c:207:13:MX_I2C1_Init	8	static
../Core/Src/main.c:241:13:MX_I2S3_Init	8	static
../Core/Src/main.c:275:13:MX_SPI1_Init	8	static
../Core/Src/main.c:313:13:MX_TIM1_Init	96	static
../Core/Src/main.c:387:13:MX_TIM2_Init	64	static
../Core/Src/main.c:446:13:MX_TIM3_Init	64	static
../Core/Src/main.c:509:13:MX_TIM4_Init	32	static
../Core/Src/main.c:554:13:MX_TIM5_Init	48	static
../Core/Src/main.c:602:13:MX_GPIO_Init	56	static
../Core/Src/main.c:713:6:Error_Handler	4	static,ignoring_inline_asm
