../Core/Src/main.c:94:6:vPrintSerial	16	static
../Core/Src/main.c:109:5:main	8	static
../Core/Src/main.c:223:6:SystemClock_Config	88	static
../Core/Src/main.c:269:13:MX_I2C1_Init	8	static
../Core/Src/main.c:303:13:MX_I2S3_Init	8	static
../Core/Src/main.c:337:13:MX_SPI1_Init	8	static
../Core/Src/main.c:375:13:MX_USART3_UART_Init	8	static
../Core/Src/main.c:406:13:MX_DMA_Init	16	static
../Core/Src/main.c:427:13:MX_GPIO_Init	56	static
../Core/Src/main.c:523:6:HAL_UART_TxCpltCallback	16	static
../Core/Src/main.c:530:6:HAL_UART_RxCpltCallback	16	static
../Core/Src/main.c:545:6:StartDefaultTask	96	static
../Core/Src/main.c:583:6:HAL_TIM_PeriodElapsedCallback	16	static
../Core/Src/main.c:601:6:Error_Handler	4	static,ignoring_inline_asm
