Archive member included to satisfy reference by file (symbol)

/opt/st/stm32cubeide_1.19.0/plugins/com.st.stm32cube.ide.mcu.externaltools.gnu-tools-for-stm32.13.3.rel1.linux64_1.0.0.202410170706/tools/bin/../lib/gcc/arm-none-eabi/13.3.1/../../../../arm-none-eabi/lib/thumb/v7e-m+fp/hard/libc_nano.a(libc_a-exit.o)
                              /opt/st/stm32cubeide_1.19.0/plugins/com.st.stm32cube.ide.mcu.externaltools.gnu-tools-for-stm32.13.3.rel1.linux64_1.0.0.202410170706/tools/bin/../lib/gcc/arm-none-eabi/13.3.1/../../../../arm-none-eabi/lib/thumb/v7e-m+fp/hard/crt0.o (exit)
/opt/st/stm32cubeide_1.19.0/plugins/com.st.stm32cube.ide.mcu.externaltools.gnu-tools-for-stm32.13.3.rel1.linux64_1.0.0.202410170706/tools/bin/../lib/gcc/arm-none-eabi/13.3.1/../../../../arm-none-eabi/lib/thumb/v7e-m+fp/hard/libc_nano.a(libc_a-nano-vfprintf_float.o)
                              (_printf_float)
/opt/st/stm32cubeide_1.19.0/plugins/com.st.stm32cube.ide.mcu.externaltools.gnu-tools-for-stm32.13.3.rel1.linux64_1.0.0.202410170706/tools/bin/../lib/gcc/arm-none-eabi/13.3.1/../../../../arm-none-eabi/lib/thumb/v7e-m+fp/hard/libc_nano.a(libc_a-nano-vfprintf_i.o)
                              /opt/st/stm32cubeide_1.19.0/plugins/com.st.stm32cube.ide.mcu.externaltools.gnu-tools-for-stm32.13.3.rel1.linux64_1.0.0.202410170706/tools/bin/../lib/gcc/arm-none-eabi/13.3.1/../../../../arm-none-eabi/lib/thumb/v7e-m+fp/hard/libc_nano.a(libc_a-nano-vfprintf_float.o) (_printf_common)
/opt/st/stm32cubeide_1.19.0/plugins/com.st.stm32cube.ide.mcu.externaltools.gnu-tools-for-stm32.13.3.rel1.linux64_1.0.0.202410170706/tools/bin/../lib/gcc/arm-none-eabi/13.3.1/../../../../arm-none-eabi/lib/thumb/v7e-m+fp/hard/libc_nano.a(libc_a-findfp.o)
                              ./Middlewares/Third_Party/FreeRTOS/Source/tasks.o (__sf)
/opt/st/stm32cubeide_1.19.0/plugins/com.st.stm32cube.ide.mcu.externaltools.gnu-tools-for-stm32.13.3.rel1.linux64_1.0.0.202410170706/tools/bin/../lib/gcc/arm-none-eabi/13.3.1/../../../../arm-none-eabi/lib/thumb/v7e-m+fp/hard/libc_nano.a(libc_a-fwalk.o)
                              /opt/st/stm32cubeide_1.19.0/plugins/com.st.stm32cube.ide.mcu.externaltools.gnu-tools-for-stm32.13.3.rel1.linux64_1.0.0.202410170706/tools/bin/../lib/gcc/arm-none-eabi/13.3.1/../../../../arm-none-eabi/lib/thumb/v7e-m+fp/hard/libc_nano.a(libc_a-findfp.o) (_fwalk_sglue)
/opt/st/stm32cubeide_1.19.0/plugins/com.st.stm32cube.ide.mcu.externaltools.gnu-tools-for-stm32.13.3.rel1.linux64_1.0.0.202410170706/tools/bin/../lib/gcc/arm-none-eabi/13.3.1/../../../../arm-none-eabi/lib/thumb/v7e-m+fp/hard/libc_nano.a(libc_a-snprintf.o)
                              ./Core/Src/main.o (snprintf)
/opt/st/stm32cubeide_1.19.0/plugins/com.st.stm32cube.ide.mcu.externaltools.gnu-tools-for-stm32.13.3.rel1.linux64_1.0.0.202410170706/tools/bin/../lib/gcc/arm-none-eabi/13.3.1/../../../../arm-none-eabi/lib/thumb/v7e-m+fp/hard/libc_nano.a(libc_a-stdio.o)
                              /opt/st/stm32cubeide_1.19.0/plugins/com.st.stm32cube.ide.mcu.externaltools.gnu-tools-for-stm32.13.3.rel1.linux64_1.0.0.202410170706/tools/bin/../lib/gcc/arm-none-eabi/13.3.1/../../../../arm-none-eabi/lib/thumb/v7e-m+fp/hard/libc_nano.a(libc_a-findfp.o) (__sread)
/opt/st/stm32cubeide_1.19.0/plugins/com.st.stm32cube.ide.mcu.externaltools.gnu-tools-for-stm32.13.3.rel1.linux64_1.0.0.202410170706/tools/bin/../lib/gcc/arm-none-eabi/13.3.1/../../../../arm-none-eabi/lib/thumb/v7e-m+fp/hard/libc_nano.a(libc_a-vsnprintf.o)
                              ./Core/Src/main.o (vsnprintf)
/opt/st/stm32cubeide_1.19.0/plugins/com.st.stm32cube.ide.mcu.externaltools.gnu-tools-for-stm32.13.3.rel1.linux64_1.0.0.202410170706/tools/bin/../lib/gcc/arm-none-eabi/13.3.1/../../../../arm-none-eabi/lib/thumb/v7e-m+fp/hard/libc_nano.a(libc_a-memset.o)
                              /opt/st/stm32cubeide_1.19.0/plugins/com.st.stm32cube.ide.mcu.externaltools.gnu-tools-for-stm32.13.3.rel1.linux64_1.0.0.202410170706/tools/bin/../lib/gcc/arm-none-eabi/13.3.1/../../../../arm-none-eabi/lib/thumb/v7e-m+fp/hard/crt0.o (memset)
/opt/st/stm32cubeide_1.19.0/plugins/com.st.stm32cube.ide.mcu.externaltools.gnu-tools-for-stm32.13.3.rel1.linux64_1.0.0.202410170706/tools/bin/../lib/gcc/arm-none-eabi/13.3.1/../../../../arm-none-eabi/lib/thumb/v7e-m+fp/hard/libc_nano.a(libc_a-localeconv.o)
                              /opt/st/stm32cubeide_1.19.0/plugins/com.st.stm32cube.ide.mcu.externaltools.gnu-tools-for-stm32.13.3.rel1.linux64_1.0.0.202410170706/tools/bin/../lib/gcc/arm-none-eabi/13.3.1/../../../../arm-none-eabi/lib/thumb/v7e-m+fp/hard/libc_nano.a(libc_a-nano-vfprintf_float.o) (_localeconv_r)
/opt/st/stm32cubeide_1.19.0/plugins/com.st.stm32cube.ide.mcu.externaltools.gnu-tools-for-stm32.13.3.rel1.linux64_1.0.0.202410170706/tools/bin/../lib/gcc/arm-none-eabi/13.3.1/../../../../arm-none-eabi/lib/thumb/v7e-m+fp/hard/libc_nano.a(libc_a-closer.o)
[...]
Memory Configuration

Name             Origin             Length             Attributes
CCMRAM           0x10000000         0x00010000         xrw
RAM              0x20000000         0x00020000         xrw
FLASH            0x08000000         0x00100000         xr
*default*        0x00000000         0xffffffff

Linker script and memory map

LOAD /opt/st/stm32cubeide_1.19.0/plugins/com.st.stm32cube.ide.mcu.externaltools.gnu-tools-for-stm32.13.3.rel1.linux64_1.0.0.202410170706/tools/bin/../lib/gcc/arm-none-eabi/13.3.1/thumb/v7e-m+fp/hard/crti.o
LOAD /opt/st/stm32cubeide_1.19.0/plugins/com.st.stm32cube.ide.mcu.externaltools.gnu-tools-for-stm32.13.3.rel1.linux64_1.0.0.202410170706/tools/bin/../lib/gcc/arm-none-eabi/13.3.1/thumb/v7e-m+fp/hard/crtbegin.o
LOAD /opt/st/stm32cubeide_1.19.0/plugins/com.st.stm32cube.ide.mcu.externaltools.gnu-tools-for-stm32.13.3.rel1.linux64_1.0.0.202410170706/tools/bin/../lib/gcc/arm-none-eabi/13.3.1/../../../../arm-none-eabi/lib/thumb/v7e-m+fp/hard/crt0.o
LOAD ./Core/Src/freertos.o
LOAD ./Core/Src/main.o
LOAD ./Core/Src/stm32f4xx_hal_msp.o
LOAD ./Core/Src/stm32f4xx_hal_timebase_tim.o
LOAD ./Core/Src/stm32f4xx_it.o
LOAD ./Core/Src/syscalls.o
LOAD ./Core/Src/sysmem.o
LOAD ./Core/Src/system_stm32f4xx.o
LOAD ./Core/Startup/startup_stm32f407vgtx.o
LOAD ./Drivers/STM32F4xx_HAL_Driver/Src/stm32f4xx_hal.o
LOAD ./Drivers/STM32F4xx_HAL_Driver/Src/stm32f4xx_hal_cortex.o
LOAD ./Drivers/STM32F4xx_HAL_Driver/Src/stm32f4xx_hal_dma.o
LOAD ./Drivers/STM32F4xx_HAL_Driver/Src/stm32f4xx_hal_dma_ex.o
LOAD ./Drivers/STM32F4xx_HAL_Driver/Src/stm32f4xx_hal_exti.o
LOAD ./Drivers/STM32F4xx_HAL_Driver/Src/stm32f4xx_hal_flash.o
LOAD ./Drivers/STM32F4xx_HAL_Driver/Src/stm32f4xx_hal_flash_ex.o
LOAD ./Drivers/STM32F4xx_HAL_Driver/Src/stm32f4xx_hal_flash_ramfunc.o
LOAD ./Drivers/STM32F4xx_HAL_Driver/Src/stm32f4xx_hal_gpio.o
LOAD ./Drivers/STM32F4xx_HAL_Driver/Src/stm32f4xx_hal_i2c.o
LOAD ./Drivers/STM32F4xx_HAL_Driver/Src/stm32f4xx_hal_i2c_ex.o
LOAD ./Drivers/STM32F4xx_HAL_Driver/Src/stm32f4xx_hal_i2s.o
LOAD ./Drivers/STM32F4xx_HAL_Driver/Src/stm32f4xx_hal_i2s_ex.o
LOAD ./Drivers/STM32F4xx_HAL_Driver/Src/stm32f4xx_hal_pcd.o
LOAD ./Drivers/STM32F4xx_HAL_Driver/Src/stm32f4xx_hal_pcd_ex.o
LOAD ./Drivers/STM32F4xx_HAL_Driver/Src/stm32f4xx_hal_pwr.o
LOAD ./Drivers/STM32F4xx_HAL_Driver/Src/stm32f4xx_hal_pwr_ex.o
LOAD ./Drivers/STM32F4xx_HAL_Driver/Src/stm32f4xx_hal_rcc.o
LOAD ./Drivers/STM32F4xx_HAL_Driver/Src/stm32f4xx_hal_rcc_ex.o
LOAD ./Drivers/STM32F4xx_HAL_Driver/Src/stm32f4xx_hal_spi.o
LOAD ./Drivers/STM32F4xx_HAL_Driver/Src/stm32f4xx_hal_tim.o
LOAD ./Drivers/STM32F4xx_HAL_Driver/Src/stm32f4xx_hal_tim_ex.o
LOAD ./Drivers/STM32F4xx_HAL_Driver/Src/stm32f4xx_hal_uart.o
LOAD ./Drivers/STM32F4xx_HAL_Driver/Src/stm32f4xx_ll_usb.o
LOAD ./Middlewares/ST/STM32_USB_Device_Library/Class/CDC/Src/usbd_cdc.o
LOAD ./Middlewares/ST/STM32_USB_Device_Library/Core/Src/usbd_core.o
LOAD ./Middlewares/ST/STM32_USB_Device_Library/Core/Src/usbd_ctlreq.o
LOAD ./Middlewares/ST/STM32_USB_Device_Library/Core/Src/usbd_ioreq.o
LOAD ./Middlewares/Third_Party/FreeRTOS/Source/CMSIS_RTOS_V2/cmsis_os2.o
LOAD ./Middlewares/Third_Party/FreeRTOS/Source/croutine.o
LOAD ./Middlewares/Third_Party/FreeRTOS/Source/event_groups.o
LOAD ./Middlewares/Third_Party/FreeRTOS/Source/list.o
LOAD ./Middlewares/Third_Party/FreeRTOS/Source/queue.o
LOAD ./Middlewares/Third_Party/FreeRTOS/Source/stream_buffer.o
LOAD ./Middlewares/Third_Party/FreeRTOS/Source/tasks.o
LOAD ./Middlewares/Third_Party/FreeRTOS/Source/timers.o
LOAD ./Middlewares/Third_Party/FreeRTOS/Source/portable/GCC/ARM_CM4F/port.o
LOAD ./Middlewares/Third_Party/FreeRTOS/Source/portable/MemMang/heap_4.o
LOAD ./Middlewares/Third_Party/LwOW/lwow.o
LOAD ./Middlewares/Third_Party/LwOW/lwow_device_ds18x20.o
LOAD ./Middlewares/Third_Party/LwOW/lwow_ll_stm32_hal.o
LOAD ./USB_DEVICE/App/usb_device.o
LOAD ./USB_DEVICE/App/usbd_cdc_if.o
LOAD ./USB_DEVICE/App/usbd_desc.o
LOAD ./USB_DEVICE/Target/usbd_conf.o
START GROUP
LOAD /opt/st/stm32cubeide_1.19.0/plugins/com.st.stm32cube.ide.mcu.externaltools.gnu-tools-for-stm32.13.3.rel1.linux64_1.0.0.202410170706/tools/bin/../lib/gcc/arm-none-eabi/13.3.1/../../../../arm-none-eabi/lib/thumb/v7e-m+fp/hard/libc_nano.a
LOAD /opt/st/stm32cubeide_1.19.0/plugins/com.st.stm32cube.ide.mcu.externaltools.gnu-tools-for-stm32.13.3.rel1.linux64_1.0.0.202410170706/tools/bin/../lib/gcc/arm-none-eabi/13.3.1/../../../../arm-none-eabi/lib/thumb/v7e-m+fp/hard/libm.a
END GROUP
START GROUP
LOAD /opt/st/stm32cubeide_1.19.0/plugins/com.st.stm32cube.ide.mcu.externaltools.gnu-tools-for-stm32.13.3.rel1.linux64_1.0.0.202410170706/tools/bin/../lib/gcc/arm-none-eabi/13.3.1/thumb/v7e-m+fp/hard/libgcc.a
LOAD /opt/st/stm32cubeide_1.19.0/plugins/com.st.stm32cube.ide.mcu.externaltools.gnu-tools-for-stm32.13.3.rel1.linux64_1.0.0.202410170706/tools/bin/../lib/gcc/arm-none-eabi/13.3.1/../../../../arm-none-eabi/lib/thumb/v7e-m+fp/hard/libc_nano.a
END GROUP
START GROUP
LOAD /opt/st/stm32cubeide_1.19.0/plugins/com.st.stm32cube.ide.mcu.externaltools.gnu-tools-for-stm32.13.3.rel1.linux64_1.0.0.202410170706/tools/bin/../lib/gcc/arm-none-eabi/13.3.1/thumb/v7e-m+fp/hard/libgcc.a
LOAD /opt/st/stm32cubeide_1.19.0/plugins/com.st.stm32cube.ide.mcu.externaltools.gnu-tools-for-stm32.13.3.rel1.linux64_1.0.0.202410170706/tools/bin/../lib/gcc/arm-none-eabi/13.3.1/../../../../arm-none-eabi/lib/thumb/v7e-m+fp/hard/libc_nano.a
LOAD /opt/st/stm32cubeide_1.19.0/plugins/com.st.stm32cube.ide.mcu.externaltools.gnu-tools-for-stm32.13.3.rel1.linux64_1.0.0.202410170706/tools/bin/../lib/gcc/arm-none-eabi/13.3.1/../../../../arm-none-eabi/lib/thumb/v7e-m+fp/hard/libnosys.a
END GROUP
START GROUP
LOAD /opt/st/stm32cubeide_1.19.0/plugins/com.st.stm32cube.ide.mcu.externaltools.gnu-tools-for-stm32.13.3.rel1.linux64_1.0.0.202410170706/tools/bin/../lib/gcc/arm-none-eabi/13.3.1/thumb/v7e-m+fp/hard/libgcc.a
LOAD /opt/st/stm32cubeide_1.19.0/plugins/com.st.stm32cube.ide.mcu.externaltools.gnu-tools-for-stm32.13.3.rel1.linux64_1.0.0.202410170706/tools/bin/../lib/gcc/arm-none-eabi/13.3.1/../../../../arm-none-eabi/lib/thumb/v7e-m+fp/hard/libc_nano.a
LOAD /opt/st/stm32cubeide_1.19.0/plugins/com.st.stm32cube.ide.mcu.externaltools.gnu-tools-for-stm32.13.3.rel1.linux64_1.0.0.202410170706/tools/bin/../lib/gcc/arm-none-eabi/13.3.1/../../../../arm-none-eabi/lib/thumb/v7e-m+fp/hard/libnosys.a
END GROUP
LOAD /opt/st/stm32cubeide_1.19.0/plugins/com.st.stm32cube.ide.mcu.externaltools.gnu-tools-for-stm32.13.3.rel1.linux64_1.0.0.202410170706/tools/bin/../lib/gcc/arm-none-eabi/13.3.1/thumb/v7e-m+fp/hard/crtend.o
LOAD /opt/st/stm32cubeide_1.19.0/plugins/com.st.stm32cube.ide.mcu.externaltools.gnu-tools-for-stm32.13.3.rel1.linux64_1.0.0.202410170706/tools/bin/../lib/gcc/arm-none-eabi/13.3.1/thumb/v7e-m+fp/hard/crtn.o
                0x20020000                        _estack = (ORIGIN (RAM) + LENGTH (RAM))
                0x00001000                        _Min_Heap_Size = 0x1000
                0x00001000                        _Min_Stack_Size = 0x1000

.isr_vector     0x08000000      0x188
                0x08000000                        . = ALIGN (0x4)
 *(.isr_vector)
 .isr_vector    0x08000000      0x188 ./Core/Startup/startup_stm32f407vgtx.o
                0x08000000                g_pfnVectors
                0x08000188                        . = ALIGN (0x4)

.text           0x08000190    0x11944
                0x08000190                        . = ALIGN (0x4)
 *(.text)
 .text          0x08000190       0x40 /opt/st/stm32cubeide_1.19.0/plugins/com.st.stm32cube.ide.mcu.externaltools.gnu-tools-for-stm32.13.3.rel1.linux64_1.0.0.202410170706/tools/bin/../lib/gcc/arm-none-eabi/13.3.1/thumb/v7e-m+fp/hard/crtbegin.o
 .text          0x080001d0       0xa0 /opt/st/stm32cubeide_1.19.0/plugins/com.st.stm32cube.ide.mcu.externaltools.gnu-tools-for-stm32.13.3.rel1.linux64_1.0.0.202410170706/tools/bin/../lib/gcc/arm-none-eabi/13.3.1/../../../../arm-none-eabi/lib/thumb/v7e-m+fp/hard/libc_nano.a(libc_a-memchr.o)
                0x080001d0                memchr
 .text          0x08000270       0x10 /opt/st/stm32cubeide_1.19.0/plugins/com.st.stm32cube.ide.mcu.externaltools.gnu-tools-for-stm32.13.3.rel1.linux64_1.0.0.202410170706/tools/bin/../lib/gcc/arm-none-eabi/13.3.1/../../../../arm-none-eabi/lib/thumb/v7e-m+fp/hard/libc_nano.a(libc_a-strlen.o)
                0x08000270                strlen
 .text          0x08000280      0x378 /opt/st/stm32cubeide_1.19.0/plugins/com.st.stm32cube.ide.mcu.externaltools.gnu-tools-for-stm32.13.3.rel1.linux64_1.0.0.202410170706/tools/bin/../lib/gcc/arm-none-eabi/13.3.1/thumb/v7e-m+fp/hard/libgcc.a(_arm_addsubdf3.o)
                0x08000280                __aeabi_drsub
                0x08000288                __aeabi_dsub
                0x08000288                __subdf3
                0x0800028c                __adddf3
                0x0800028c                __aeabi_dadd
                0x08000504                __aeabi_ui2d
                0x08000504                __floatunsidf
                0x08000524                __floatsidf
                0x08000524                __aeabi_i2d
                0x08000548                __extendsfdf2
                0x08000548                __aeabi_f2d
                0x0800058c                __aeabi_ul2d
                0x0800058c                __floatundidf
                0x0800059c                __floatdidf
                0x0800059c                __aeabi_l2d
 .text          0x080005f8      0x424 /opt/st/stm32cubeide_1.19.0/plugins/com.st.stm32cube.ide.mcu.externaltools.gnu-tools-for-stm32.13.3.rel1.linux64_1.0.0.202410170706/tools/bin/../lib/gcc/arm-none-eabi/13.3.1/thumb/v7e-m+fp/hard/libgcc.a(_arm_muldivdf3.o)
                0x080005f8                __aeabi_dmul
                0x080005f8                __muldf3
                0x0800084c                __aeabi_ddiv
                0x0800084c                __divdf3
 .text          0x08000a1c      0x110 /opt/st/stm32cubeide_1.19.0/plugins/com.st.stm32cube.ide.mcu.externaltools.gnu-tools-for-stm32.13.3.rel1.linux64_1.0.0.202410170706/tools/bin/../lib/gcc/arm-none-eabi/13.3.1/thumb/v7e-m+fp/hard/libgcc.a(_arm_cmpdf2.o)
                0x08000a1c                __gtdf2
                0x08000a1c                __gedf2
                0x08000a24                __ltdf2
                0x08000a24                __ledf2
                0x08000a2c                __cmpdf2
                0x08000a2c                __eqdf2
                0x08000a2c                __nedf2
                0x08000aa8                __aeabi_cdrcmple
                0x08000ab8                __aeabi_cdcmple
                0x08000ab8                __aeabi_cdcmpeq
                0x08000ac8                __aeabi_dcmpeq
                0x08000adc                __aeabi_dcmplt
                0x08000af0                __aeabi_dcmple
                0x08000b04                __aeabi_dcmpge
                0x08000b18                __aeabi_dcmpgt
 .text          0x08000b2c       0x2c /opt/st/stm32cubeide_1.19.0/plugins/com.st.stm32cube.ide.mcu.externaltools.gnu-tools-for-stm32.13.3.rel1.linux64_1.0.0.202410170706/tools/bin/../lib/gcc/arm-none-eabi/13.3.1/thumb/v7e-m+fp/hard/libgcc.a(_arm_unorddf2.o)
                0x08000b2c                __aeabi_dcmpun
                0x08000b2c                __unorddf2
 .text          0x08000b58       0x50 /opt/st/stm32cubeide_1.19.0/plugins/com.st.stm32cube.ide.mcu.externaltools.gnu-tools-for-stm32.13.3.rel1.linux64_1.0.0.202410170706/tools/bin/../lib/gcc/arm-none-eabi/13.3.1/thumb/v7e-m+fp/hard/libgcc.a(_arm_fixdfsi.o)
                0x08000b58                __fixdfsi
                0x08000b58                __aeabi_d2iz
 .text          0x08000ba8       0x30 /opt/st/stm32cubeide_1.19.0/plugins/com.st.stm32cube.ide.mcu.externaltools.gnu-tools-for-stm32.13.3.rel1.linux64_1.0.0.202410170706/tools/bin/../lib/gcc/arm-none-eabi/13.3.1/thumb/v7e-m+fp/hard/libgcc.a(_aeabi_uldivmod.o)
                0x08000ba8                __aeabi_uldivmod
 .text          0x08000bd8      0x2f8 /opt/st/stm32cubeide_1.19.0/plugins/com.st.stm32cube.ide.mcu.externaltools.gnu-tools-for-stm32.13.3.rel1.linux64_1.0.0.202410170706/tools/bin/../lib/gcc/arm-none-eabi/13.3.1/thumb/v7e-m+fp/hard/libgcc.a(_udivmoddi4.o)
                0x08000bd8                __udivmoddi4
 .text          0x08000ed0        0x4 /opt/st/stm32cubeide_1.19.0/plugins/com.st.stm32cube.ide.mcu.externaltools.gnu-tools-for-stm32.13.3.rel1.linux64_1.0.0.202410170706/tools/bin/../lib/gcc/arm-none-eabi/13.3.1/thumb/v7e-m+fp/hard/libgcc.a(_dvmd_tls.o)
                0x08000ed0                __aeabi_ldiv0
                0x08000ed0                __aeabi_idiv0
 *(.text*)
 .text.main     0x08000ed4       0x78 ./Core/Src/main.o
                0x08000ed4                main
 .text.SystemClock_Config
                0x08000f4c       0xd4 ./Core/Src/main.o
                0x08000f4c                SystemClock_Config
 .text.MX_I2C1_Init
                0x08001020       0x5c ./Core/Src/main.o
 .text.MX_I2S3_Init
                0x0800107c       0x60 ./Core/Src/main.o
 .text.MX_SPI1_Init
                0x080010dc       0x6c ./Core/Src/main.o
 .text.MX_USART3_UART_Init
                0x08001148       0x54 ./Core/Src/main.o
 .text.MX_DMA_Init
                0x0800119c       0x50 ./Core/Src/main.o
 .text.MX_GPIO_Init
                0x080011ec      0x1fc ./Core/Src/main.o
 .text.StartDefaultTask
                0x080013e8      0x1a0 ./Core/Src/main.o
                0x080013e8                StartDefaultTask
 .text.HAL_TIM_PeriodElapsedCallback
                0x08001588       0x24 ./Core/Src/main.o
                0x08001588                HAL_TIM_PeriodElapsedCallback
 .text.Error_Handler
                0x080015ac        0xc ./Core/Src/main.o
                0x080015ac                Error_Handler
 .text.HAL_MspInit
                0x080015b8       0x58 ./Core/Src/stm32f4xx_hal_msp.o
                0x080015b8                HAL_MspInit
 .text.HAL_I2C_MspInit
                0x08001610       0x90 ./Core/Src/stm32f4xx_hal_msp.o
                0x08001610                HAL_I2C_MspInit
 .text.HAL_I2S_MspInit
                0x080016a0      0x100 ./Core/Src/stm32f4xx_hal_msp.o
                0x080016a0                HAL_I2S_MspInit
 .text.HAL_SPI_MspInit
                0x080017a0       0x90 ./Core/Src/stm32f4xx_hal_msp.o
                0x080017a0                HAL_SPI_MspInit
 .text.HAL_UART_MspInit
                0x08001830      0x18c ./Core/Src/stm32f4xx_hal_msp.o
                0x08001830                HAL_UART_MspInit
 .text.HAL_UART_MspDeInit
                0x080019bc       0x58 ./Core/Src/stm32f4xx_hal_msp.o
                0x080019bc                HAL_UART_MspDeInit
 .text.HAL_InitTick
                0x08001a14       0xf8 ./Core/Src/stm32f4xx_hal_timebase_tim.o
                0x08001a14                HAL_InitTick
 .text.NMI_Handler
                0x08001b0c        0x8 ./Core/Src/stm32f4xx_it.o
                0x08001b0c                NMI_Handler
 .text.HardFault_Handler
                0x08001b14        0x8 ./Core/Src/stm32f4xx_it.o
                0x08001b14                HardFault_Handler
 .text.MemManage_Handler
                0x08001b1c        0x8 ./Core/Src/stm32f4xx_it.o
                0x08001b1c                MemManage_Handler
 .text.BusFault_Handler
                0x08001b24        0x8 ./Core/Src/stm32f4xx_it.o
                0x08001b24                BusFault_Handler
 .text.UsageFault_Handler
                0x08001b2c        0x8 ./Core/Src/stm32f4xx_it.o
                0x08001b2c                UsageFault_Handler
 .text.DebugMon_Handler
                0x08001b34        0xe ./Core/Src/stm32f4xx_it.o
                0x08001b34                DebugMon_Handler
 *fill*         0x08001b42        0x2 
 .text.DMA1_Stream1_IRQHandler
                0x08001b44       0x14 ./Core/Src/stm32f4xx_it.o
                0x08001b44                DMA1_Stream1_IRQHandler
 .text.DMA1_Stream3_IRQHandler
                0x08001b58       0x14 ./Core/Src/stm32f4xx_it.o
                0x08001b58                DMA1_Stream3_IRQHandler
 .text.USART3_IRQHandler
                0x08001b6c       0x14 ./Core/Src/stm32f4xx_it.o
                0x08001b6c                USART3_IRQHandler
 .text.TIM6_DAC_IRQHandler
                0x08001b80       0x14 ./Core/Src/stm32f4xx_it.o
                0x08001b80                TIM6_DAC_IRQHandler
 .text.OTG_FS_IRQHandler
                0x08001b94       0x14 ./Core/Src/stm32f4xx_it.o
                0x08001b94                OTG_FS_IRQHandler
 .text._getpid  0x08001ba8       0x10 ./Core/Src/syscalls.o
                0x08001ba8                _getpid
 .text._kill    0x08001bb8       0x20 ./Core/Src/syscalls.o
                0x08001bb8                _kill
 .text._exit    0x08001bd8       0x16 ./Core/Src/syscalls.o
                0x08001bd8                _exit
 .text._read    0x08001bee       0x3a ./Core/Src/syscalls.o
                0x08001bee                _read
 .text._write   0x08001c28       0x38 ./Core/Src/syscalls.o
                0x08001c28                _write
 .text._close   0x08001c60       0x18 ./Core/Src/syscalls.o
                0x08001c60                _close
 .text._fstat   0x08001c78       0x20 ./Core/Src/syscalls.o
                0x08001c78                _fstat
 .text._isatty  0x08001c98       0x16 ./Core/Src/syscalls.o
                0x08001c98                _isatty
 .text._lseek   0x08001cae       0x1a ./Core/Src/syscalls.o
                0x08001cae                _lseek
 .text._sbrk    0x08001cc8       0x6c ./Core/Src/sysmem.o
                0x08001cc8                _sbrk
 .text.SystemInit
                0x08001d34       0x24 ./Core/Src/system_stm32f4xx.o
                0x08001d34                SystemInit
 .text.Reset_Handler
                0x08001d58       0x50 ./Core/Startup/startup_stm32f407vgtx.o
                0x08001d58                Reset_Handler
 .text.Default_Handler
                0x08001da8        0x2 ./Core/Startup/startup_stm32f407vgtx.o
                0x08001da8                RTC_Alarm_IRQHandler
                0x08001da8                HASH_RNG_IRQHandler
                0x08001da8                EXTI2_IRQHandler
                0x08001da8                TIM8_CC_IRQHandler
                0x08001da8                TIM1_CC_IRQHandler
                0x08001da8                DMA2_Stream5_IRQHandler
                0x08001da8                DMA1_Stream5_IRQHandler
                0x08001da8                PVD_IRQHandler
                0x08001da8                SDIO_IRQHandler
                0x08001da8                TAMP_STAMP_IRQHandler
                0x08001da8                CAN2_RX1_IRQHandler
                0x08001da8                EXTI3_IRQHandler
                0x08001da8                TIM8_TRG_COM_TIM14_IRQHandler
                0x08001da8                TIM1_UP_TIM10_IRQHandler
                0x08001da8                TIM8_UP_TIM13_IRQHandler
                0x08001da8                I2C3_ER_IRQHandler
                0x08001da8                EXTI0_IRQHandler
                0x08001da8                I2C2_EV_IRQHandler
                0x08001da8                DMA1_Stream2_IRQHandler
                0x08001da8                CAN1_RX0_IRQHandler
                0x08001da8                FPU_IRQHandler
                0x08001da8                OTG_HS_WKUP_IRQHandler
                0x08001da8                CAN2_SCE_IRQHandler
                0x08001da8                DMA2_Stream2_IRQHandler
                0x08001da8                SPI1_IRQHandler
                0x08001da8                TIM1_BRK_TIM9_IRQHandler
                0x08001da8                DCMI_IRQHandler
                0x08001da8                CAN2_RX0_IRQHandler
                0x08001da8                DMA2_Stream3_IRQHandler
                0x08001da8                USART6_IRQHandler
                0x08001da8                CAN1_RX1_IRQHandler
                0x08001da8                UART5_IRQHandler
                0x08001da8                DMA2_Stream0_IRQHandler
                0x08001da8                TIM4_IRQHandler
                0x08001da8                I2C1_EV_IRQHandler
                0x08001da8                DMA1_Stream6_IRQHandler
                0x08001da8                UART4_IRQHandler
                0x08001da8                TIM3_IRQHandler
                0x08001da8                RCC_IRQHandler
                0x08001da8                TIM8_BRK_TIM12_IRQHandler
                0x08001da8                Default_Handler
                0x08001da8                EXTI15_10_IRQHandler
                0x08001da8                ADC_IRQHandler
                0x08001da8                DMA1_Stream7_IRQHandler
                0x08001da8                TIM7_IRQHandler
                0x08001da8                CAN2_TX_IRQHandler
                0x08001da8                TIM5_IRQHandler
                0x08001da8                DMA2_Stream7_IRQHandler
                0x08001da8                I2C3_EV_IRQHandler
                0x08001da8                EXTI9_5_IRQHandler
                0x08001da8                RTC_WKUP_IRQHandler
                0x08001da8                ETH_WKUP_IRQHandler
                0x08001da8                SPI2_IRQHandler
                0x08001da8                OTG_HS_EP1_IN_IRQHandler
                0x08001da8                DMA1_Stream0_IRQHandler
                0x08001da8                CAN1_TX_IRQHandler
                0x08001da8                EXTI4_IRQHandler
                0x08001da8                FSMC_IRQHandler
                0x08001da8                ETH_IRQHandler
                0x08001da8                OTG_HS_EP1_OUT_IRQHandler
                0x08001da8                WWDG_IRQHandler
                0x08001da8                TIM2_IRQHandler
                0x08001da8                OTG_FS_WKUP_IRQHandler
                0x08001da8                TIM1_TRG_COM_TIM11_IRQHandler
                0x08001da8                OTG_HS_IRQHandler
                0x08001da8                EXTI1_IRQHandler
                0x08001da8                USART2_IRQHandler
                0x08001da8                I2C2_ER_IRQHandler
                0x08001da8                DMA2_Stream1_IRQHandler
                0x08001da8                CAN1_SCE_IRQHandler
                0x08001da8                FLASH_IRQHandler
                0x08001da8                DMA2_Stream4_IRQHandler
                0x08001da8                USART1_IRQHandler
                0x08001da8                SPI3_IRQHandler
                0x08001da8                DMA1_Stream4_IRQHandler
                0x08001da8                I2C1_ER_IRQHandler
                0x08001da8                DMA2_Stream6_IRQHandler
 *fill*         0x08001daa        0x2 
 .text.HAL_Init
                0x08001dac       0x44 ./Drivers/STM32F4xx_HAL_Driver/Src/stm32f4xx_hal.o
                0x08001dac                HAL_Init
 .text.HAL_IncTick
                0x08001df0       0x28 ./Drivers/STM32F4xx_HAL_Driver/Src/stm32f4xx_hal.o
                0x08001df0                HAL_IncTick
 .text.HAL_GetTick
                0x08001e18       0x18 ./Drivers/STM32F4xx_HAL_Driver/Src/stm32f4xx_hal.o
                0x08001e18                HAL_GetTick
 .text.HAL_Delay
                0x08001e30       0x48 ./Drivers/STM32F4xx_HAL_Driver/Src/stm32f4xx_hal.o
                0x08001e30                HAL_Delay
 .text.__NVIC_SetPriorityGrouping
                0x08001e78       0x48 ./Drivers/STM32F4xx_HAL_Driver/Src/stm32f4xx_hal_cortex.o
 .text.__NVIC_GetPriorityGrouping
                0x08001ec0       0x1c ./Drivers/STM32F4xx_HAL_Driver/Src/stm32f4xx_hal_cortex.o
 .text.__NVIC_EnableIRQ
                0x08001edc       0x3c ./Drivers/STM32F4xx_HAL_Driver/Src/stm32f4xx_hal_cortex.o
 .text.__NVIC_DisableIRQ
                0x08001f18       0x48 ./Drivers/STM32F4xx_HAL_Driver/Src/stm32f4xx_hal_cortex.o
 .text.__NVIC_SetPriority
                0x08001f60       0x54 ./Drivers/STM32F4xx_HAL_Driver/Src/stm32f4xx_hal_cortex.o
 .text.NVIC_EncodePriority
                0x08001fb4       0x66 ./Drivers/STM32F4xx_HAL_Driver/Src/stm32f4xx_hal_cortex.o
 .text.HAL_NVIC_SetPriorityGrouping
                0x0800201a       0x16 ./Drivers/STM32F4xx_HAL_Driver/Src/stm32f4xx_hal_cortex.o
                0x0800201a                HAL_NVIC_SetPriorityGrouping
 .text.HAL_NVIC_SetPriority
                0x08002030       0x38 ./Drivers/STM32F4xx_HAL_Driver/Src/stm32f4xx_hal_cortex.o
                0x08002030                HAL_NVIC_SetPriority
 .text.HAL_NVIC_EnableIRQ
                0x08002068       0x1c ./Drivers/STM32F4xx_HAL_Driver/Src/stm32f4xx_hal_cortex.o
                0x08002068                HAL_NVIC_EnableIRQ
 .text.HAL_NVIC_DisableIRQ
                0x08002084       0x1c ./Drivers/STM32F4xx_HAL_Driver/Src/stm32f4xx_hal_cortex.o
                0x08002084                HAL_NVIC_DisableIRQ
 .text.HAL_DMA_Init
                0x080020a0      0x15c ./Drivers/STM32F4xx_HAL_Driver/Src/stm32f4xx_hal_dma.o
                0x080020a0                HAL_DMA_Init
 .text.HAL_DMA_DeInit
                0x080021fc       0xbc ./Drivers/STM32F4xx_HAL_Driver/Src/stm32f4xx_hal_dma.o
                0x080021fc                HAL_DMA_DeInit
 .text.HAL_DMA_Abort
                0x080022b8       0xe0 ./Drivers/STM32F4xx_HAL_Driver/Src/stm32f4xx_hal_dma.o
                0x080022b8                HAL_DMA_Abort
 .text.HAL_DMA_Abort_IT
                0x08002398       0x44 ./Drivers/STM32F4xx_HAL_Driver/Src/stm32f4xx_hal_dma.o
                0x08002398                HAL_DMA_Abort_IT
 .text.HAL_DMA_IRQHandler
                0x080023dc      0x314 ./Drivers/STM32F4xx_HAL_Driver/Src/stm32f4xx_hal_dma.o
                0x080023dc                HAL_DMA_IRQHandler
 .text.DMA_CalcBaseAndBitshift
                0x080026f0       0x6c ./Drivers/STM32F4xx_HAL_Driver/Src/stm32f4xx_hal_dma.o
 .text.DMA_CheckFifoParam
                0x0800275c       0xf8 ./Drivers/STM32F4xx_HAL_Driver/Src/stm32f4xx_hal_dma.o
 .text.HAL_GPIO_Init
                0x08002854      0x338 ./Drivers/STM32F4xx_HAL_Driver/Src/stm32f4xx_hal_gpio.o
                0x08002854                HAL_GPIO_Init
 .text.HAL_GPIO_DeInit
                0x08002b8c      0x1f8 ./Drivers/STM32F4xx_HAL_Driver/Src/stm32f4xx_hal_gpio.o
                0x08002b8c                HAL_GPIO_DeInit
 .text.HAL_GPIO_WritePin
                0x08002d84       0x32 ./Drivers/STM32F4xx_HAL_Driver/Src/stm32f4xx_hal_gpio.o
                0x08002d84                HAL_GPIO_WritePin
 *fill*         0x08002db6        0x2 
 .text.HAL_I2C_Init
                0x08002db8      0x288 ./Drivers/STM32F4xx_HAL_Driver/Src/stm32f4xx_hal_i2c.o
                0x08002db8                HAL_I2C_Init
 .text.HAL_I2S_Init
                0x08003040      0x280 ./Drivers/STM32F4xx_HAL_Driver/Src/stm32f4xx_hal_i2s.o
                0x08003040                HAL_I2S_Init
 .text.HAL_I2S_TxCpltCallback
                0x080032c0       0x14 ./Drivers/STM32F4xx_HAL_Driver/Src/stm32f4xx_hal_i2s.o
                0x080032c0                HAL_I2S_TxCpltCallback
 .text.HAL_I2S_RxCpltCallback
                0x080032d4       0x14 ./Drivers/STM32F4xx_HAL_Driver/Src/stm32f4xx_hal_i2s.o
                0x080032d4                HAL_I2S_RxCpltCallback
 .text.HAL_I2S_ErrorCallback
                0x080032e8       0x14 ./Drivers/STM32F4xx_HAL_Driver/Src/stm32f4xx_hal_i2s.o
                0x080032e8                HAL_I2S_ErrorCallback
 .text.I2S_Transmit_IT
                0x080032fc       0x5c ./Drivers/STM32F4xx_HAL_Driver/Src/stm32f4xx_hal_i2s.o
 .text.I2S_Receive_IT
                0x08003358       0x5e ./Drivers/STM32F4xx_HAL_Driver/Src/stm32f4xx_hal_i2s.o
 .text.I2S_IRQHandler
                0x080033b6      0x114 ./Drivers/STM32F4xx_HAL_Driver/Src/stm32f4xx_hal_i2s.o
 *fill*         0x080034ca        0x2 
 .text.HAL_I2SEx_FullDuplex_IRQHandler
                0x080034cc      0x2a8 ./Drivers/STM32F4xx_HAL_Driver/Src/stm32f4xx_hal_i2s_ex.o
                0x080034cc                HAL_I2SEx_FullDuplex_IRQHandler
 .text.HAL_I2SEx_TxRxCpltCallback
                0x08003774       0x14 ./Drivers/STM32F4xx_HAL_Driver/Src/stm32f4xx_hal_i2s_ex.o
                0x08003774                HAL_I2SEx_TxRxCpltCallback
 .text.I2SEx_TxISR_I2S
                0x08003788       0x62 ./Drivers/STM32F4xx_HAL_Driver/Src/stm32f4xx_hal_i2s_ex.o
 *fill*         0x080037ea        0x2 
 .text.I2SEx_TxISR_I2SExt
                0x080037ec       0x98 ./Drivers/STM32F4xx_HAL_Driver/Src/stm32f4xx_hal_i2s_ex.o
 .text.I2SEx_RxISR_I2S
                0x08003884       0x64 ./Drivers/STM32F4xx_HAL_Driver/Src/stm32f4xx_hal_i2s_ex.o
 .text.I2SEx_RxISR_I2SExt
                0x080038e8       0x98 ./Drivers/STM32F4xx_HAL_Driver/Src/stm32f4xx_hal_i2s_ex.o
 .text.HAL_PCD_Init
                0x08003980      0x21e ./Drivers/STM32F4xx_HAL_Driver/Src/stm32f4xx_hal_pcd.o
                0x08003980                HAL_PCD_Init
 .text.HAL_PCD_Start
                0x08003b9e       0x6a ./Drivers/STM32F4xx_HAL_Driver/Src/stm32f4xx_hal_pcd.o
                0x08003b9e                HAL_PCD_Start
 .text.HAL_PCD_IRQHandler
                0x08003c08      0x942 ./Drivers/STM32F4xx_HAL_Driver/Src/stm32f4xx_hal_pcd.o
                0x08003c08                HAL_PCD_IRQHandler
 .text.HAL_PCD_SetAddress
                0x0800454a       0x48 ./Drivers/STM32F4xx_HAL_Driver/Src/stm32f4xx_hal_pcd.o
                0x0800454a                HAL_PCD_SetAddress
 .text.HAL_PCD_EP_Open
                0x08004592       0xd4 ./Drivers/STM32F4xx_HAL_Driver/Src/stm32f4xx_hal_pcd.o
                0x08004592                HAL_PCD_EP_Open
 .text.HAL_PCD_EP_Close
                0x08004666       0x94 ./Drivers/STM32F4xx_HAL_Driver/Src/stm32f4xx_hal_pcd.o
                0x08004666                HAL_PCD_EP_Close
 .text.HAL_PCD_EP_Receive
                0x080046fa       0x76 ./Drivers/STM32F4xx_HAL_Driver/Src/stm32f4xx_hal_pcd.o
                0x080046fa                HAL_PCD_EP_Receive
 .text.HAL_PCD_EP_GetRxCount
                0x08004770       0x30 ./Drivers/STM32F4xx_HAL_Driver/Src/stm32f4xx_hal_pcd.o
                0x08004770                HAL_PCD_EP_GetRxCount
 .text.HAL_PCD_EP_Transmit
                0x080047a0       0x74 ./Drivers/STM32F4xx_HAL_Driver/Src/stm32f4xx_hal_pcd.o
                0x080047a0                HAL_PCD_EP_Transmit
 .text.HAL_PCD_EP_SetStall
                0x08004814       0xc6 ./Drivers/STM32F4xx_HAL_Driver/Src/stm32f4xx_hal_pcd.o
                0x08004814                HAL_PCD_EP_SetStall
 .text.HAL_PCD_EP_ClrStall
                0x080048da       0xac ./Drivers/STM32F4xx_HAL_Driver/Src/stm32f4xx_hal_pcd.o
                0x080048da                HAL_PCD_EP_ClrStall
 .text.HAL_PCD_EP_Abort
                0x08004986       0x62 ./Drivers/STM32F4xx_HAL_Driver/Src/stm32f4xx_hal_pcd.o
                0x08004986                HAL_PCD_EP_Abort
 .text.PCD_WriteEmptyTxFifo
                0x080049e8      0x118 ./Drivers/STM32F4xx_HAL_Driver/Src/stm32f4xx_hal_pcd.o
 .text.PCD_EP_OutXfrComplete_int
                0x08004b00      0x1d0 ./Drivers/STM32F4xx_HAL_Driver/Src/stm32f4xx_hal_pcd.o
 .text.PCD_EP_OutSetupPacket_int
                0x08004cd0       0x8c ./Drivers/STM32F4xx_HAL_Driver/Src/stm32f4xx_hal_pcd.o
 .text.HAL_PCDEx_SetTxFiFo
                0x08004d5c       0x8e ./Drivers/STM32F4xx_HAL_Driver/Src/stm32f4xx_hal_pcd_ex.o
                0x08004d5c                HAL_PCDEx_SetTxFiFo
 .text.HAL_PCDEx_SetRxFiFo
                0x08004dea       0x22 ./Drivers/STM32F4xx_HAL_Driver/Src/stm32f4xx_hal_pcd_ex.o
                0x08004dea                HAL_PCDEx_SetRxFiFo
 .text.HAL_PCDEx_LPM_Callback
                0x08004e0c       0x18 ./Drivers/STM32F4xx_HAL_Driver/Src/stm32f4xx_hal_pcd_ex.o
                0x08004e0c                HAL_PCDEx_LPM_Callback
 .text.HAL_RCC_OscConfig
                0x08004e24      0x4f0 ./Drivers/STM32F4xx_HAL_Driver/Src/stm32f4xx_hal_rcc.o
                0x08004e24                HAL_RCC_OscConfig
 .text.HAL_RCC_ClockConfig
                0x08005314      0x1cc ./Drivers/STM32F4xx_HAL_Driver/Src/stm32f4xx_hal_rcc.o
                0x08005314                HAL_RCC_ClockConfig
 .text.HAL_RCC_GetSysClockFreq
                0x080054e0      0x20c ./Drivers/STM32F4xx_HAL_Driver/Src/stm32f4xx_hal_rcc.o
                0x080054e0                HAL_RCC_GetSysClockFreq
 .text.HAL_RCC_GetHCLKFreq
                0x080056ec       0x18 ./Drivers/STM32F4xx_HAL_Driver/Src/stm32f4xx_hal_rcc.o
                0x080056ec                HAL_RCC_GetHCLKFreq
 .text.HAL_RCC_GetPCLK1Freq
                0x08005704       0x28 ./Drivers/STM32F4xx_HAL_Driver/Src/stm32f4xx_hal_rcc.o
                0x08005704                HAL_RCC_GetPCLK1Freq
 .text.HAL_RCC_GetPCLK2Freq
                0x0800572c       0x28 ./Drivers/STM32F4xx_HAL_Driver/Src/stm32f4xx_hal_rcc.o
                0x0800572c                HAL_RCC_GetPCLK2Freq
 .text.HAL_RCC_GetClockConfig
                0x08005754       0x64 ./Drivers/STM32F4xx_HAL_Driver/Src/stm32f4xx_hal_rcc.o
                0x08005754                HAL_RCC_GetClockConfig
 .text.HAL_RCCEx_PeriphCLKConfig
                0x080057b8      0x1c4 ./Drivers/STM32F4xx_HAL_Driver/Src/stm32f4xx_hal_rcc_ex.o
                0x080057b8                HAL_RCCEx_PeriphCLKConfig
 .text.HAL_RCCEx_GetPeriphCLKFreq
                0x0800597c       0xc0 ./Drivers/STM32F4xx_HAL_Driver/Src/stm32f4xx_hal_rcc_ex.o
                0x0800597c                HAL_RCCEx_GetPeriphCLKFreq
 .text.HAL_SPI_Init
                0x08005a3c      0x112 ./Drivers/STM32F4xx_HAL_Driver/Src/stm32f4xx_hal_spi.o
                0x08005a3c                HAL_SPI_Init
 .text.HAL_TIM_Base_Init
                0x08005b4e       0x9e ./Drivers/STM32F4xx_HAL_Driver/Src/stm32f4xx_hal_tim.o
                0x08005b4e                HAL_TIM_Base_Init
 .text.HAL_TIM_Base_MspInit
                0x08005bec       0x14 ./Drivers/STM32F4xx_HAL_Driver/Src/stm32f4xx_hal_tim.o
                0x08005bec                HAL_TIM_Base_MspInit
 .text.HAL_TIM_Base_Start_IT
                0x08005c00       0xe0 ./Drivers/STM32F4xx_HAL_Driver/Src/stm32f4xx_hal_tim.o
                0x08005c00                HAL_TIM_Base_Start_IT
 .text.HAL_TIM_IRQHandler
                0x08005ce0      0x1e0 ./Drivers/STM32F4xx_HAL_Driver/Src/stm32f4xx_hal_tim.o
                0x08005ce0                HAL_TIM_IRQHandler
 .text.HAL_TIM_OC_DelayElapsedCallback
                0x08005ec0       0x14 ./Drivers/STM32F4xx_HAL_Driver/Src/stm32f4xx_hal_tim.o
                0x08005ec0                HAL_TIM_OC_DelayElapsedCallback
 .text.HAL_TIM_IC_CaptureCallback
                0x08005ed4       0x14 ./Drivers/STM32F4xx_HAL_Driver/Src/stm32f4xx_hal_tim.o
                0x08005ed4                HAL_TIM_IC_CaptureCallback
 .text.HAL_TIM_PWM_PulseFinishedCallback
                0x08005ee8       0x14 ./Drivers/STM32F4xx_HAL_Driver/Src/stm32f4xx_hal_tim.o
                0x08005ee8                HAL_TIM_PWM_PulseFinishedCallback
 .text.HAL_TIM_TriggerCallback
                0x08005efc       0x14 ./Drivers/STM32F4xx_HAL_Driver/Src/stm32f4xx_hal_tim.o
                0x08005efc                HAL_TIM_TriggerCallback
 .text.TIM_Base_SetConfig
                0x08005f10      0x14c ./Drivers/STM32F4xx_HAL_Driver/Src/stm32f4xx_hal_tim.o
                0x08005f10                TIM_Base_SetConfig
 .text.HAL_TIMEx_CommutCallback
                0x0800605c       0x14 ./Drivers/STM32F4xx_HAL_Driver/Src/stm32f4xx_hal_tim_ex.o
                0x0800605c                HAL_TIMEx_CommutCallback
 .text.HAL_TIMEx_BreakCallback
                0x08006070       0x14 ./Drivers/STM32F4xx_HAL_Driver/Src/stm32f4xx_hal_tim_ex.o
                0x08006070                HAL_TIMEx_BreakCallback
 .text.HAL_UART_Init
                0x08006084       0xa0 ./Drivers/STM32F4xx_HAL_Driver/Src/stm32f4xx_hal_uart.o
                0x08006084                HAL_UART_Init
 .text.HAL_HalfDuplex_Init
                0x08006124       0xb0 ./Drivers/STM32F4xx_HAL_Driver/Src/stm32f4xx_hal_uart.o
                0x08006124                HAL_HalfDuplex_Init
 .text.HAL_UART_DeInit
                0x080061d4       0x64 ./Drivers/STM32F4xx_HAL_Driver/Src/stm32f4xx_hal_uart.o
                0x080061d4                HAL_UART_DeInit
 .text.HAL_UART_Transmit
                0x08006238      0x116 ./Drivers/STM32F4xx_HAL_Driver/Src/stm32f4xx_hal_uart.o
                0x08006238                HAL_UART_Transmit
 .text.HAL_UART_Receive_IT
                0x0800634e       0x4a ./Drivers/STM32F4xx_HAL_Driver/Src/stm32f4xx_hal_uart.o
                0x0800634e                HAL_UART_Receive_IT
 .text.HAL_UART_IRQHandler
                0x08006398      0x554 ./Drivers/STM32F4xx_HAL_Driver/Src/stm32f4xx_hal_uart.o
                0x08006398                HAL_UART_IRQHandler
 .text.HAL_UART_TxCpltCallback
                0x080068ec       0x14 ./Drivers/STM32F4xx_HAL_Driver/Src/stm32f4xx_hal_uart.o
                0x080068ec                HAL_UART_TxCpltCallback
 .text.HAL_UART_RxCpltCallback
                0x08006900       0x14 ./Drivers/STM32F4xx_HAL_Driver/Src/stm32f4xx_hal_uart.o
                0x08006900                HAL_UART_RxCpltCallback
 .text.HAL_UART_ErrorCallback
                0x08006914       0x14 ./Drivers/STM32F4xx_HAL_Driver/Src/stm32f4xx_hal_uart.o
                0x08006914                HAL_UART_ErrorCallback
 .text.HAL_UARTEx_RxEventCallback
                0x08006928       0x18 ./Drivers/STM32F4xx_HAL_Driver/Src/stm32f4xx_hal_uart.o
                0x08006928                HAL_UARTEx_RxEventCallback
 .text.UART_WaitOnFlagUntilTimeout
                0x08006940       0xb2 ./Drivers/STM32F4xx_HAL_Driver/Src/stm32f4xx_hal_uart.o
 .text.UART_Start_Receive_IT
                0x080069f2       0x74 ./Drivers/STM32F4xx_HAL_Driver/Src/stm32f4xx_hal_uart.o
                0x080069f2                UART_Start_Receive_IT
 .text.UART_EndRxTransfer
                0x08006a66       0xc6 ./Drivers/STM32F4xx_HAL_Driver/Src/stm32f4xx_hal_uart.o
 .text.UART_DMAAbortOnError
                0x08006b2c       0x22 ./Drivers/STM32F4xx_HAL_Driver/Src/stm32f4xx_hal_uart.o
 .text.UART_Transmit_IT
                0x08006b4e       0xa0 ./Drivers/STM32F4xx_HAL_Driver/Src/stm32f4xx_hal_uart.o
 .text.UART_EndTransmit_IT
                0x08006bee       0x30 ./Drivers/STM32F4xx_HAL_Driver/Src/stm32f4xx_hal_uart.o
 .text.UART_Receive_IT
                0x08006c1e      0x17c ./Drivers/STM32F4xx_HAL_Driver/Src/stm32f4xx_hal_uart.o
 *fill*         0x08006d9a        0x2 
 .text.UART_SetConfig
                0x08006d9c      0x4e8 ./Drivers/STM32F4xx_HAL_Driver/Src/stm32f4xx_hal_uart.o
 .text.USB_CoreInit
                0x08007284       0xc8 ./Drivers/STM32F4xx_HAL_Driver/Src/stm32f4xx_ll_usb.o
                0x08007284                USB_CoreInit
 .text.USB_SetTurnaroundTime
                0x0800734c      0x144 ./Drivers/STM32F4xx_HAL_Driver/Src/stm32f4xx_ll_usb.o
                0x0800734c                USB_SetTurnaroundTime
 .text.USB_EnableGlobalInt
                0x08007490       0x22 ./Drivers/STM32F4xx_HAL_Driver/Src/stm32f4xx_ll_usb.o
                0x08007490                USB_EnableGlobalInt
 .text.USB_DisableGlobalInt
                0x080074b2       0x22 ./Drivers/STM32F4xx_HAL_Driver/Src/stm32f4xx_ll_usb.o
                0x080074b2                USB_DisableGlobalInt
 .text.USB_SetCurrentMode
                0x080074d4       0x98 ./Drivers/STM32F4xx_HAL_Driver/Src/stm32f4xx_ll_usb.o
                0x080074d4                USB_SetCurrentMode
 .text.USB_DevInit
                0x0800756c      0x2c8 ./Drivers/STM32F4xx_HAL_Driver/Src/stm32f4xx_ll_usb.o
                0x0800756c                USB_DevInit
 .text.USB_FlushTxFifo
                0x08007834       0x64 ./Drivers/STM32F4xx_HAL_Driver/Src/stm32f4xx_ll_usb.o
                0x08007834                USB_FlushTxFifo
 .text.USB_FlushRxFifo
                0x08007898       0x5c ./Drivers/STM32F4xx_HAL_Driver/Src/stm32f4xx_ll_usb.o
                0x08007898                USB_FlushRxFifo
 .text.USB_SetDevSpeed
                0x080078f4       0x32 ./Drivers/STM32F4xx_HAL_Driver/Src/stm32f4xx_ll_usb.o
                0x080078f4                USB_SetDevSpeed
 .text.USB_GetDevSpeed
                0x08007926       0x4a ./Drivers/STM32F4xx_HAL_Driver/Src/stm32f4xx_ll_usb.o
                0x08007926                USB_GetDevSpeed
 .text.USB_ActivateEndpoint
                0x08007970      0x10e ./Drivers/STM32F4xx_HAL_Driver/Src/stm32f4xx_ll_usb.o
                0x08007970                USB_ActivateEndpoint
 *fill*         0x08007a7e        0x2 
 .text.USB_DeactivateEndpoint
                0x08007a80      0x1b8 ./Drivers/STM32F4xx_HAL_Driver/Src/stm32f4xx_ll_usb.o
                0x08007a80                USB_DeactivateEndpoint
 .text.USB_EPStartXfer
                0x08007c38      0x53c ./Drivers/STM32F4xx_HAL_Driver/Src/stm32f4xx_ll_usb.o
                0x08007c38                USB_EPStartXfer
 .text.USB_EPStopXfer
                0x08008174      0x154 ./Drivers/STM32F4xx_HAL_Driver/Src/stm32f4xx_ll_usb.o
                0x08008174                USB_EPStopXfer
 .text.USB_WritePacket
                0x080082c8       0x7c ./Drivers/STM32F4xx_HAL_Driver/Src/stm32f4xx_ll_usb.o
                0x080082c8                USB_WritePacket
 .text.USB_ReadPacket
                0x08008344       0xb0 ./Drivers/STM32F4xx_HAL_Driver/Src/stm32f4xx_ll_usb.o
                0x08008344                USB_ReadPacket
 .text.USB_EPSetStall
                0x080083f4       0xdc ./Drivers/STM32F4xx_HAL_Driver/Src/stm32f4xx_ll_usb.o
                0x080083f4                USB_EPSetStall
 .text.USB_EPClearStall
                0x080084d0       0xcc ./Drivers/STM32F4xx_HAL_Driver/Src/stm32f4xx_ll_usb.o
                0x080084d0                USB_EPClearStall
 .text.USB_SetDevAddress
                0x0800859c       0x4c ./Drivers/STM32F4xx_HAL_Driver/Src/stm32f4xx_ll_usb.o
                0x0800859c                USB_SetDevAddress
 .text.USB_DevConnect
                0x080085e8       0x42 ./Drivers/STM32F4xx_HAL_Driver/Src/stm32f4xx_ll_usb.o
                0x080085e8                USB_DevConnect
 .text.USB_DevDisconnect
                0x0800862a       0x42 ./Drivers/STM32F4xx_HAL_Driver/Src/stm32f4xx_ll_usb.o
                0x0800862a                USB_DevDisconnect
 .text.USB_ReadInterrupts
                0x0800866c       0x26 ./Drivers/STM32F4xx_HAL_Driver/Src/stm32f4xx_ll_usb.o
                0x0800866c                USB_ReadInterrupts
 .text.USB_ReadDevAllOutEpInterrupt
                0x08008692       0x34 ./Drivers/STM32F4xx_HAL_Driver/Src/stm32f4xx_ll_usb.o
                0x08008692                USB_ReadDevAllOutEpInterrupt
 .text.USB_ReadDevAllInEpInterrupt
                0x080086c6       0x34 ./Drivers/STM32F4xx_HAL_Driver/Src/stm32f4xx_ll_usb.o
                0x080086c6                USB_ReadDevAllInEpInterrupt
 .text.USB_ReadDevOutEPInterrupt
                0x080086fa       0x3c ./Drivers/STM32F4xx_HAL_Driver/Src/stm32f4xx_ll_usb.o
                0x080086fa                USB_ReadDevOutEPInterrupt
 .text.USB_ReadDevInEPInterrupt
                0x08008736       0x5c ./Drivers/STM32F4xx_HAL_Driver/Src/stm32f4xx_ll_usb.o
                0x08008736                USB_ReadDevInEPInterrupt
 .text.USB_GetMode
                0x08008792       0x1c ./Drivers/STM32F4xx_HAL_Driver/Src/stm32f4xx_ll_usb.o
                0x08008792                USB_GetMode
 .text.USB_ActivateSetup
                0x080087ae       0x46 ./Drivers/STM32F4xx_HAL_Driver/Src/stm32f4xx_ll_usb.o
                0x080087ae                USB_ActivateSetup
 .text.USB_EP0_OutStart
                0x080087f4       0xbc ./Drivers/STM32F4xx_HAL_Driver/Src/stm32f4xx_ll_usb.o
                0x080087f4                USB_EP0_OutStart
 .text.USB_CoreReset
                0x080088b0       0x70 ./Drivers/STM32F4xx_HAL_Driver/Src/stm32f4xx_ll_usb.o
 .text.USBD_CDC_Init
                0x08008920      0x1f0 ./Middlewares/ST/STM32_USB_Device_Library/Class/CDC/Src/usbd_cdc.o
 .text.USBD_CDC_DeInit
                0x08008b10      0x104 ./Middlewares/ST/STM32_USB_Device_Library/Class/CDC/Src/usbd_cdc.o
 .text.USBD_CDC_Setup
                0x08008c14      0x1b8 ./Middlewares/ST/STM32_USB_Device_Library/Class/CDC/Src/usbd_cdc.o
 .text.USBD_CDC_DataIn
                0x08008dcc       0xfe ./Middlewares/ST/STM32_USB_Device_Library/Class/CDC/Src/usbd_cdc.o
 .text.USBD_CDC_DataOut
                0x08008eca       0x70 ./Middlewares/ST/STM32_USB_Device_Library/Class/CDC/Src/usbd_cdc.o
 .text.USBD_CDC_EP0_RxReady
                0x08008f3a       0x74 ./Middlewares/ST/STM32_USB_Device_Library/Class/CDC/Src/usbd_cdc.o
 *fill*         0x08008fae        0x2 
 .text.USBD_CDC_GetFSCfgDesc
                0x08008fb0       0x70 ./Middlewares/ST/STM32_USB_Device_Library/Class/CDC/Src/usbd_cdc.o
 .text.USBD_CDC_GetHSCfgDesc
                0x08009020       0x70 ./Middlewares/ST/STM32_USB_Device_Library/Class/CDC/Src/usbd_cdc.o
 .text.USBD_CDC_GetOtherSpeedCfgDesc
                0x08009090       0x70 ./Middlewares/ST/STM32_USB_Device_Library/Class/CDC/Src/usbd_cdc.o
 .text.USBD_CDC_GetDeviceQualifierDescriptor
                0x08009100       0x20 ./Middlewares/ST/STM32_USB_Device_Library/Class/CDC/Src/usbd_cdc.o
                0x08009100                USBD_CDC_GetDeviceQualifierDescriptor
 .text.USBD_CDC_RegisterInterface
                0x08009120       0x34 ./Middlewares/ST/STM32_USB_Device_Library/Class/CDC/Src/usbd_cdc.o
                0x08009120                USBD_CDC_RegisterInterface
 .text.USBD_CDC_SetTxBuffer
                0x08009154       0x44 ./Middlewares/ST/STM32_USB_Device_Library/Class/CDC/Src/usbd_cdc.o
                0x08009154                USBD_CDC_SetTxBuffer
 .text.USBD_CDC_SetRxBuffer
                0x08009198       0x3a ./Middlewares/ST/STM32_USB_Device_Library/Class/CDC/Src/usbd_cdc.o
                0x08009198                USBD_CDC_SetRxBuffer
 *fill*         0x080091d2        0x2 
 .text.USBD_CDC_TransmitPacket
                0x080091d4       0x80 ./Middlewares/ST/STM32_USB_Device_Library/Class/CDC/Src/usbd_cdc.o
                0x080091d4                USBD_CDC_TransmitPacket
 .text.USBD_CDC_ReceivePacket
                0x08009254       0x6c ./Middlewares/ST/STM32_USB_Device_Library/Class/CDC/Src/usbd_cdc.o
                0x08009254                USBD_CDC_ReceivePacket
 .text.USBD_Init
                0x080092c0       0x60 ./Middlewares/ST/STM32_USB_Device_Library/Core/Src/usbd_core.o
                0x080092c0                USBD_Init
 .text.USBD_RegisterClass
                0x08009320       0x6c ./Middlewares/ST/STM32_USB_Device_Library/Core/Src/usbd_core.o
                0x08009320                USBD_RegisterClass
 .text.USBD_Start
                0x0800938c       0x18 ./Middlewares/ST/STM32_USB_Device_Library/Core/Src/usbd_core.o
                0x0800938c                USBD_Start
 .text.USBD_RunTestMode
                0x080093a4       0x16 ./Middlewares/ST/STM32_USB_Device_Library/Core/Src/usbd_core.o
                0x080093a4                USBD_RunTestMode
 .text.USBD_SetClassConfig
                0x080093ba       0x38 ./Middlewares/ST/STM32_USB_Device_Library/Core/Src/usbd_core.o
                0x080093ba                USBD_SetClassConfig
 .text.USBD_ClrClassConfig
                0x080093f2       0x34 ./Middlewares/ST/STM32_USB_Device_Library/Core/Src/usbd_core.o
                0x080093f2                USBD_ClrClassConfig
 .text.USBD_LL_SetupStage
                0x08009426       0xaa ./Middlewares/ST/STM32_USB_Device_Library/Core/Src/usbd_core.o
                0x08009426                USBD_LL_SetupStage
 .text.USBD_LL_DataOutStage
                0x080094d0      0x178 ./Middlewares/ST/STM32_USB_Device_Library/Core/Src/usbd_core.o
                0x080094d0                USBD_LL_DataOutStage
 .text.USBD_LL_DataInStage
                0x08009648      0x176 ./Middlewares/ST/STM32_USB_Device_Library/Core/Src/usbd_core.o
                0x08009648                USBD_LL_DataInStage
 .text.USBD_LL_Reset
                0x080097be       0xa6 ./Middlewares/ST/STM32_USB_Device_Library/Core/Src/usbd_core.o
                0x080097be                USBD_LL_Reset
 .text.USBD_LL_SetSpeed
                0x08009864       0x20 ./Middlewares/ST/STM32_USB_Device_Library/Core/Src/usbd_core.o
                0x08009864                USBD_LL_SetSpeed
 .text.USBD_LL_Suspend
                0x08009884       0x38 ./Middlewares/ST/STM32_USB_Device_Library/Core/Src/usbd_core.o
                0x08009884                USBD_LL_Suspend
 .text.USBD_LL_Resume
                0x080098bc       0x30 ./Middlewares/ST/STM32_USB_Device_Library/Core/Src/usbd_core.o
                0x080098bc                USBD_LL_Resume
 .text.USBD_LL_SOF
                0x080098ec       0x40 ./Middlewares/ST/STM32_USB_Device_Library/Core/Src/usbd_core.o
                0x080098ec                USBD_LL_SOF
 .text.USBD_LL_IsoINIncomplete
                0x0800992c       0x64 ./Middlewares/ST/STM32_USB_Device_Library/Core/Src/usbd_core.o
                0x0800992c                USBD_LL_IsoINIncomplete
 .text.USBD_LL_IsoOUTIncomplete
                0x08009990       0x64 ./Middlewares/ST/STM32_USB_Device_Library/Core/Src/usbd_core.o
                0x08009990                USBD_LL_IsoOUTIncomplete
 .text.USBD_LL_DevConnected
                0x080099f4       0x16 ./Middlewares/ST/STM32_USB_Device_Library/Core/Src/usbd_core.o
                0x080099f4                USBD_LL_DevConnected
 .text.USBD_LL_DevDisconnected
                0x08009a0a       0x46 ./Middlewares/ST/STM32_USB_Device_Library/Core/Src/usbd_core.o
                0x08009a0a                USBD_LL_DevDisconnected
 .text.USBD_CoreFindIF
                0x08009a50       0x1a ./Middlewares/ST/STM32_USB_Device_Library/Core/Src/usbd_core.o
                0x08009a50                USBD_CoreFindIF
 .text.USBD_CoreFindEP
                0x08009a6a       0x1a ./Middlewares/ST/STM32_USB_Device_Library/Core/Src/usbd_core.o
                0x08009a6a                USBD_CoreFindEP
 .text.USBD_GetEpDesc
                0x08009a84       0x70 ./Middlewares/ST/STM32_USB_Device_Library/Core/Src/usbd_core.o
                0x08009a84                USBD_GetEpDesc
 .text.USBD_GetNextDesc
                0x08009af4       0x38 ./Middlewares/ST/STM32_USB_Device_Library/Core/Src/usbd_core.o
                0x08009af4                USBD_GetNextDesc
 .text.SWAPBYTE
                0x08009b2c       0x3e ./Middlewares/ST/STM32_USB_Device_Library/Core/Src/usbd_ctlreq.o
 *fill*         0x08009b6a        0x2 
 .text.USBD_StdDevReq
                0x08009b6c       0xe4 ./Middlewares/ST/STM32_USB_Device_Library/Core/Src/usbd_ctlreq.o
                0x08009b6c                USBD_StdDevReq
 .text.USBD_StdItfReq
                0x08009c50       0xd8 ./Middlewares/ST/STM32_USB_Device_Library/Core/Src/usbd_ctlreq.o
                0x08009c50                USBD_StdItfReq
 .text.USBD_StdEPReq
                0x08009d28      0x33e ./Middlewares/ST/STM32_USB_Device_Library/Core/Src/usbd_ctlreq.o
                0x08009d28                USBD_StdEPReq
 *fill*         0x0800a066        0x2 
 .text.USBD_GetDescriptor
                0x0800a068      0x2d4 ./Middlewares/ST/STM32_USB_Device_Library/Core/Src/usbd_ctlreq.o
 .text.USBD_SetAddress
                0x0800a33c       0x88 ./Middlewares/ST/STM32_USB_Device_Library/Core/Src/usbd_ctlreq.o
 .text.USBD_SetConfig
                0x0800a3c4      0x154 ./Middlewares/ST/STM32_USB_Device_Library/Core/Src/usbd_ctlreq.o
 .text.USBD_GetConfig
                0x0800a518       0x6c ./Middlewares/ST/STM32_USB_Device_Library/Core/Src/usbd_ctlreq.o
 .text.USBD_GetStatus
                0x0800a584       0x68 ./Middlewares/ST/STM32_USB_Device_Library/Core/Src/usbd_ctlreq.o
 .text.USBD_SetFeature
                0x0800a5ec       0x52 ./Middlewares/ST/STM32_USB_Device_Library/Core/Src/usbd_ctlreq.o
 .text.USBD_ClrFeature
                0x0800a63e       0x44 ./Middlewares/ST/STM32_USB_Device_Library/Core/Src/usbd_ctlreq.o
 .text.USBD_ParseSetupRequest
                0x0800a682       0x74 ./Middlewares/ST/STM32_USB_Device_Library/Core/Src/usbd_ctlreq.o
                0x0800a682                USBD_ParseSetupRequest
 .text.USBD_CtlError
                0x0800a6f6       0x22 ./Middlewares/ST/STM32_USB_Device_Library/Core/Src/usbd_ctlreq.o
                0x0800a6f6                USBD_CtlError
 .text.USBD_GetString
                0x0800a718       0xa4 ./Middlewares/ST/STM32_USB_Device_Library/Core/Src/usbd_ctlreq.o
                0x0800a718                USBD_GetString
 .text.USBD_GetLen
                0x0800a7bc       0x34 ./Middlewares/ST/STM32_USB_Device_Library/Core/Src/usbd_ctlreq.o
 .text.USBD_CtlSendData
                0x0800a7f0       0x3c ./Middlewares/ST/STM32_USB_Device_Library/Core/Src/usbd_ioreq.o
                0x0800a7f0                USBD_CtlSendData
 .text.USBD_CtlContinueSendData
                0x0800a82c       0x22 ./Middlewares/ST/STM32_USB_Device_Library/Core/Src/usbd_ioreq.o
                0x0800a82c                USBD_CtlContinueSendData
 .text.USBD_CtlPrepareRx
                0x0800a84e       0x42 ./Middlewares/ST/STM32_USB_Device_Library/Core/Src/usbd_ioreq.o
                0x0800a84e                USBD_CtlPrepareRx
 .text.USBD_CtlContinueRx
                0x0800a890       0x22 ./Middlewares/ST/STM32_USB_Device_Library/Core/Src/usbd_ioreq.o
                0x0800a890                USBD_CtlContinueRx
 .text.USBD_CtlSendStatus
                0x0800a8b2       0x26 ./Middlewares/ST/STM32_USB_Device_Library/Core/Src/usbd_ioreq.o
                0x0800a8b2                USBD_CtlSendStatus
 .text.USBD_CtlReceiveStatus
                0x0800a8d8       0x26 ./Middlewares/ST/STM32_USB_Device_Library/Core/Src/usbd_ioreq.o
                0x0800a8d8                USBD_CtlReceiveStatus
 *fill*         0x0800a8fe        0x2 
 .text.__NVIC_SetPriority
                0x0800a900       0x54 ./Middlewares/Third_Party/FreeRTOS/Source/CMSIS_RTOS_V2/cmsis_os2.o
 .text.SysTick_Handler
                0x0800a954       0x20 ./Middlewares/Third_Party/FreeRTOS/Source/CMSIS_RTOS_V2/cmsis_os2.o
                0x0800a954                SysTick_Handler
 .text.SVC_Setup
                0x0800a974       0x12 ./Middlewares/Third_Party/FreeRTOS/Source/CMSIS_RTOS_V2/cmsis_os2.o
 *fill*         0x0800a986        0x2 
 .text.osKernelInitialize
                0x0800a988       0x48 ./Middlewares/Third_Party/FreeRTOS/Source/CMSIS_RTOS_V2/cmsis_os2.o
                0x0800a988                osKernelInitialize
 .text.osKernelStart
                0x0800a9d0       0x4c ./Middlewares/Third_Party/FreeRTOS/Source/CMSIS_RTOS_V2/cmsis_os2.o
                0x0800a9d0                osKernelStart
 .text.osThreadNew
                0x0800aa1c      0x124 ./Middlewares/Third_Party/FreeRTOS/Source/CMSIS_RTOS_V2/cmsis_os2.o
                0x0800aa1c                osThreadNew
 .text.osDelay  0x0800ab40       0x36 ./Middlewares/Third_Party/FreeRTOS/Source/CMSIS_RTOS_V2/cmsis_os2.o
                0x0800ab40                osDelay
 .text.osSemaphoreNew
                0x0800ab76      0x112 ./Middlewares/Third_Party/FreeRTOS/Source/CMSIS_RTOS_V2/cmsis_os2.o
                0x0800ab76                osSemaphoreNew
 .text.vApplicationGetIdleTaskMemory
                0x0800ac88       0x34 ./Middlewares/Third_Party/FreeRTOS/Source/CMSIS_RTOS_V2/cmsis_os2.o
                0x0800ac88                vApplicationGetIdleTaskMemory
 .text.vApplicationGetTimerTaskMemory
                0x0800acbc       0x34 ./Middlewares/Third_Party/FreeRTOS/Source/CMSIS_RTOS_V2/cmsis_os2.o
                0x0800acbc                vApplicationGetTimerTaskMemory
 .text.vListInitialise
                0x0800acf0       0x40 ./Middlewares/Third_Party/FreeRTOS/Source/list.o
                0x0800acf0                vListInitialise
 .text.vListInitialiseItem
                0x0800ad30       0x1a ./Middlewares/Third_Party/FreeRTOS/Source/list.o
                0x0800ad30                vListInitialiseItem
 .text.vListInsertEnd
                0x0800ad4a       0x48 ./Middlewares/Third_Party/FreeRTOS/Source/list.o
                0x0800ad4a                vListInsertEnd
 .text.vListInsert
                0x0800ad92       0x72 ./Middlewares/Third_Party/FreeRTOS/Source/list.o
                0x0800ad92                vListInsert
 .text.uxListRemove
                0x0800ae04       0x54 ./Middlewares/Third_Party/FreeRTOS/Source/list.o
                0x0800ae04                uxListRemove
 .text.xQueueGenericReset
                0x0800ae58       0xd4 ./Middlewares/Third_Party/FreeRTOS/Source/queue.o
                0x0800ae58                xQueueGenericReset
 .text.xQueueGenericCreateStatic
                0x0800af2c       0xfa ./Middlewares/Third_Party/FreeRTOS/Source/queue.o
                0x0800af2c                xQueueGenericCreateStatic
 .text.xQueueGenericCreate
                0x0800b026       0x76 ./Middlewares/Third_Party/FreeRTOS/Source/queue.o
                0x0800b026                xQueueGenericCreate
 .text.prvInitialiseNewQueue
                0x0800b09c       0x46 ./Middlewares/Third_Party/FreeRTOS/Source/queue.o
 .text.xQueueCreateCountingSemaphoreStatic
                0x0800b0e2       0x72 ./Middlewares/Third_Party/FreeRTOS/Source/queue.o
                0x0800b0e2                xQueueCreateCountingSemaphoreStatic
 .text.xQueueCreateCountingSemaphore
                0x0800b154       0x6a ./Middlewares/Third_Party/FreeRTOS/Source/queue.o
                0x0800b154                xQueueCreateCountingSemaphore
 *fill*         0x0800b1be        0x2 
 .text.xQueueGenericSend
                0x0800b1c0      0x204 ./Middlewares/Third_Party/FreeRTOS/Source/queue.o
                0x0800b1c0                xQueueGenericSend
 .text.xQueueGenericSendFromISR
                0x0800b3c4      0x13c ./Middlewares/Third_Party/FreeRTOS/Source/queue.o
                0x0800b3c4                xQueueGenericSendFromISR
 .text.xQueueReceive
                0x0800b500      0x1c4 ./Middlewares/Third_Party/FreeRTOS/Source/queue.o
                0x0800b500                xQueueReceive
 .text.vQueueDelete
                0x0800b6c4       0x48 ./Middlewares/Third_Party/FreeRTOS/Source/queue.o
                0x0800b6c4                vQueueDelete
 .text.prvCopyDataToQueue
                0x0800b70c       0xd4 ./Middlewares/Third_Party/FreeRTOS/Source/queue.o
 .text.prvCopyDataFromQueue
                0x0800b7e0       0x4c ./Middlewares/Third_Party/FreeRTOS/Source/queue.o
 .text.prvUnlockQueue
                0x0800b82c       0xa4 ./Middlewares/Third_Party/FreeRTOS/Source/queue.o
 .text.prvIsQueueEmpty
                0x0800b8d0       0x2c ./Middlewares/Third_Party/FreeRTOS/Source/queue.o
 .text.prvIsQueueFull
                0x0800b8fc       0x30 ./Middlewares/Third_Party/FreeRTOS/Source/queue.o
 .text.vQueueAddToRegistry
                0x0800b92c       0x54 ./Middlewares/Third_Party/FreeRTOS/Source/queue.o
                0x0800b92c                vQueueAddToRegistry
 .text.vQueueUnregisterQueue
                0x0800b980       0x54 ./Middlewares/Third_Party/FreeRTOS/Source/queue.o
                0x0800b980                vQueueUnregisterQueue
 .text.vQueueWaitForMessageRestricted
                0x0800b9d4       0x68 ./Middlewares/Third_Party/FreeRTOS/Source/queue.o
                0x0800b9d4                vQueueWaitForMessageRestricted
 .text.xTaskCreateStatic
                0x0800ba3c       0xc0 ./Middlewares/Third_Party/FreeRTOS/Source/tasks.o
                0x0800ba3c                xTaskCreateStatic
 .text.xTaskCreate
                0x0800bafc       0x8a ./Middlewares/Third_Party/FreeRTOS/Source/tasks.o
                0x0800bafc                xTaskCreate
 *fill*         0x0800bb86        0x2 
 .text.prvInitialiseNewTask
                0x0800bb88      0x150 ./Middlewares/Third_Party/FreeRTOS/Source/tasks.o
 .text.prvAddNewTaskToReadyList
                0x0800bcd8       0xe0 ./Middlewares/Third_Party/FreeRTOS/Source/tasks.o
 .text.vTaskDelay
                0x0800bdb8       0x6c ./Middlewares/Third_Party/FreeRTOS/Source/tasks.o
                0x0800bdb8                vTaskDelay
 .text.vTaskStartScheduler
                0x0800be24       0xe0 ./Middlewares/Third_Party/FreeRTOS/Source/tasks.o
                0x0800be24                vTaskStartScheduler
 .text.vTaskSuspendAll
                0x0800bf04       0x1c ./Middlewares/Third_Party/FreeRTOS/Source/tasks.o
                0x0800bf04                vTaskSuspendAll
 .text.xTaskResumeAll
                0x0800bf20      0x13c ./Middlewares/Third_Party/FreeRTOS/Source/tasks.o
                0x0800bf20                xTaskResumeAll
 .text.xTaskGetTickCount
                0x0800c05c       0x20 ./Middlewares/Third_Party/FreeRTOS/Source/tasks.o
                0x0800c05c                xTaskGetTickCount
 .text.xTaskIncrementTick
                0x0800c07c      0x174 ./Middlewares/Third_Party/FreeRTOS/Source/tasks.o
                0x0800c07c                xTaskIncrementTick
 .text.vTaskSwitchContext
                0x0800c1f0       0xcc ./Middlewares/Third_Party/FreeRTOS/Source/tasks.o
                0x0800c1f0                vTaskSwitchContext
 .text.vTaskPlaceOnEventList
                0x0800c2bc       0x4c ./Middlewares/Third_Party/FreeRTOS/Source/tasks.o
                0x0800c2bc                vTaskPlaceOnEventList
 .text.vTaskPlaceOnEventListRestricted
                0x0800c308       0x58 ./Middlewares/Third_Party/FreeRTOS/Source/tasks.o
                0x0800c308                vTaskPlaceOnEventListRestricted
 .text.xTaskRemoveFromEventList
                0x0800c360       0xc8 ./Middlewares/Third_Party/FreeRTOS/Source/tasks.o
                0x0800c360                xTaskRemoveFromEventList
 .text.vTaskInternalSetTimeOutState
                0x0800c428       0x2c ./Middlewares/Third_Party/FreeRTOS/Source/tasks.o
                0x0800c428                vTaskInternalSetTimeOutState
 .text.xTaskCheckForTimeOut
                0x0800c454       0xc8 ./Middlewares/Third_Party/FreeRTOS/Source/tasks.o
                0x0800c454                xTaskCheckForTimeOut
 .text.vTaskMissedYield
                0x0800c51c       0x18 ./Middlewares/Third_Party/FreeRTOS/Source/tasks.o
                0x0800c51c                vTaskMissedYield
 .text.prvIdleTask
                0x0800c534       0x30 ./Middlewares/Third_Party/FreeRTOS/Source/tasks.o
 .text.prvInitialiseTaskLists
                0x0800c564       0x80 ./Middlewares/Third_Party/FreeRTOS/Source/tasks.o
 .text.prvCheckTasksWaitingTermination
                0x0800c5e4       0x5c ./Middlewares/Third_Party/FreeRTOS/Source/tasks.o
 .text.prvDeleteTCB
                0x0800c640       0x6a ./Middlewares/Third_Party/FreeRTOS/Source/tasks.o
 *fill*         0x0800c6aa        0x2 
 .text.prvResetNextTaskUnblockTime
                0x0800c6ac       0x40 ./Middlewares/Third_Party/FreeRTOS/Source/tasks.o
 .text.xTaskGetSchedulerState
                0x0800c6ec       0x3c ./Middlewares/Third_Party/FreeRTOS/Source/tasks.o
                0x0800c6ec                xTaskGetSchedulerState
 .text.xTaskPriorityDisinherit
                0x0800c728       0xe0 ./Middlewares/Third_Party/FreeRTOS/Source/tasks.o
                0x0800c728                xTaskPriorityDisinherit
 .text.prvAddCurrentTaskToDelayedList
                0x0800c808       0xa8 ./Middlewares/Third_Party/FreeRTOS/Source/tasks.o
 .text.xTimerCreateTimerTask
                0x0800c8b0       0x94 ./Middlewares/Third_Party/FreeRTOS/Source/timers.o
                0x0800c8b0                xTimerCreateTimerTask
 .text.xTimerGenericCommand
                0x0800c944       0x9c ./Middlewares/Third_Party/FreeRTOS/Source/timers.o
                0x0800c944                xTimerGenericCommand
 .text.prvProcessExpiredTimer
                0x0800c9e0       0x9c ./Middlewares/Third_Party/FreeRTOS/Source/timers.o
 .text.prvTimerTask
                0x0800ca7c       0x26 ./Middlewares/Third_Party/FreeRTOS/Source/timers.o
 *fill*         0x0800caa2        0x2 
 .text.prvProcessTimerOrBlockTask
                0x0800caa4       0x9c ./Middlewares/Third_Party/FreeRTOS/Source/timers.o
 .text.prvGetNextExpireTime
                0x0800cb40       0x48 ./Middlewares/Third_Party/FreeRTOS/Source/timers.o
 .text.prvSampleTimeNow
                0x0800cb88       0x40 ./Middlewares/Third_Party/FreeRTOS/Source/timers.o
 .text.prvInsertTimerInActiveList
                0x0800cbc8       0x84 ./Middlewares/Third_Party/FreeRTOS/Source/timers.o
 .text.prvProcessReceivedCommands
                0x0800cc4c      0x1cc ./Middlewares/Third_Party/FreeRTOS/Source/timers.o
 .text.prvSwitchTimerLists
                0x0800ce18       0xcc ./Middlewares/Third_Party/FreeRTOS/Source/timers.o
 .text.prvCheckForValidListAndQueue
                0x0800cee4       0x80 ./Middlewares/Third_Party/FreeRTOS/Source/timers.o
 .text.pxPortInitialiseStack
                0x0800cf64       0x68 ./Middlewares/Third_Party/FreeRTOS/Source/portable/GCC/ARM_CM4F/port.o
                0x0800cf64                pxPortInitialiseStack
 .text.prvTaskExitError
                0x0800cfcc       0x5c ./Middlewares/Third_Party/FreeRTOS/Source/portable/GCC/ARM_CM4F/port.o
 *fill*         0x0800d028        0x8 
 .text.SVC_Handler
                0x0800d030       0x28 ./Middlewares/Third_Party/FreeRTOS/Source/portable/GCC/ARM_CM4F/port.o
                0x0800d030                SVC_Handler
 .text.prvPortStartFirstTask
                0x0800d058       0x28 ./Middlewares/Third_Party/FreeRTOS/Source/portable/GCC/ARM_CM4F/port.o
 .text.xPortStartScheduler
                0x0800d080      0x148 ./Middlewares/Third_Party/FreeRTOS/Source/portable/GCC/ARM_CM4F/port.o
                0x0800d080                xPortStartScheduler
 .text.vPortEnterCritical
                0x0800d1c8       0x64 ./Middlewares/Third_Party/FreeRTOS/Source/portable/GCC/ARM_CM4F/port.o
                0x0800d1c8                vPortEnterCritical
 .text.vPortExitCritical
                0x0800d22c       0x54 ./Middlewares/Third_Party/FreeRTOS/Source/portable/GCC/ARM_CM4F/port.o
                0x0800d22c                vPortExitCritical
 .text.PendSV_Handler
                0x0800d280       0x68 ./Middlewares/Third_Party/FreeRTOS/Source/portable/GCC/ARM_CM4F/port.o
                0x0800d280                PendSV_Handler
 .text.xPortSysTickHandler
                0x0800d2e8       0x44 ./Middlewares/Third_Party/FreeRTOS/Source/portable/GCC/ARM_CM4F/port.o
                0x0800d2e8                xPortSysTickHandler
 .text.vPortSetupTimerInterrupt
                0x0800d32c       0x48 ./Middlewares/Third_Party/FreeRTOS/Source/portable/GCC/ARM_CM4F/port.o
                0x0800d32c                vPortSetupTimerInterrupt
 .text.vPortEnableVFP
                0x0800d374       0x14 ./Middlewares/Third_Party/FreeRTOS/Source/portable/GCC/ARM_CM4F/port.o
 .text.vPortValidateInterruptPriority
                0x0800d388       0x84 ./Middlewares/Third_Party/FreeRTOS/Source/portable/GCC/ARM_CM4F/port.o
                0x0800d388                vPortValidateInterruptPriority
 .text.pvPortMalloc
                0x0800d40c      0x19c ./Middlewares/Third_Party/FreeRTOS/Source/portable/MemMang/heap_4.o
                0x0800d40c                pvPortMalloc
 .text.vPortFree
                0x0800d5a8       0xc8 ./Middlewares/Third_Party/FreeRTOS/Source/portable/MemMang/heap_4.o
                0x0800d5a8                vPortFree
 .text.prvHeapInit
                0x0800d670       0xc4 ./Middlewares/Third_Party/FreeRTOS/Source/portable/MemMang/heap_4.o
 .text.prvInsertBlockIntoFreeList
                0x0800d734       0xb4 ./Middlewares/Third_Party/FreeRTOS/Source/portable/MemMang/heap_4.o
 .text.prv_send_bit
                0x0800d7e8       0x70 ./Middlewares/Third_Party/LwOW/lwow.o
 .text.lwow_init
                0x0800d858       0x7e ./Middlewares/Third_Party/LwOW/lwow.o
                0x0800d858                lwow_init
 .text.lwow_protect
                0x0800d8d6       0x24 ./Middlewares/Third_Party/LwOW/lwow.o
                0x0800d8d6                lwow_protect
 .text.lwow_unprotect
                0x0800d8fa       0x24 ./Middlewares/Third_Party/LwOW/lwow.o
                0x0800d8fa                lwow_unprotect
 .text.lwow_reset_raw
                0x0800d91e       0x8c ./Middlewares/Third_Party/LwOW/lwow.o
                0x0800d91e                lwow_reset_raw
 .text.lwow_write_byte_ex_raw
                0x0800d9aa       0xc0 ./Middlewares/Third_Party/LwOW/lwow.o
                0x0800d9aa                lwow_write_byte_ex_raw
 .text.lwow_read_byte_ex_raw
                0x0800da6a       0x32 ./Middlewares/Third_Party/LwOW/lwow.o
                0x0800da6a                lwow_read_byte_ex_raw
 .text.lwow_read_bit_ex_raw
                0x0800da9c       0x32 ./Middlewares/Third_Party/LwOW/lwow.o
                0x0800da9c                lwow_read_bit_ex_raw
 .text.lwow_search_reset_raw
                0x0800dace       0x26 ./Middlewares/Third_Party/LwOW/lwow.o
                0x0800dace                lwow_search_reset_raw
 .text.lwow_search_reset
                0x0800daf4       0x3a ./Middlewares/Third_Party/LwOW/lwow.o
                0x0800daf4                lwow_search_reset
 .text.lwow_search_raw
                0x0800db2e       0x28 ./Middlewares/Third_Party/LwOW/lwow.o
                0x0800db2e                lwow_search_raw
 .text.lwow_search
                0x0800db56       0x3e ./Middlewares/Third_Party/LwOW/lwow.o
                0x0800db56                lwow_search
 .text.lwow_search_with_command_raw
                0x0800db94      0x156 ./Middlewares/Third_Party/LwOW/lwow.o
                0x0800db94                lwow_search_with_command_raw
 .text.lwow_match_rom_raw
                0x0800dcea       0x68 ./Middlewares/Third_Party/LwOW/lwow.o
                0x0800dcea                lwow_match_rom_raw
 .text.lwow_match_or_skip_rom_raw
                0x0800dd52       0x38 ./Middlewares/Third_Party/LwOW/lwow.o
                0x0800dd52                lwow_match_or_skip_rom_raw
 .text.lwow_skip_rom_raw
                0x0800dd8a       0x26 ./Middlewares/Third_Party/LwOW/lwow.o
                0x0800dd8a                lwow_skip_rom_raw
 .text.lwow_crc
                0x0800ddb0       0x8c ./Middlewares/Third_Party/LwOW/lwow.o
                0x0800ddb0                lwow_crc
 .text.lwow_ds18x20_start_raw
                0x0800de3c       0x4a ./Middlewares/Third_Party/LwOW/lwow_device_ds18x20.o
                0x0800de3c                lwow_ds18x20_start_raw
 .text.lwow_ds18x20_start
                0x0800de86       0x3e ./Middlewares/Third_Party/LwOW/lwow_device_ds18x20.o
                0x0800de86                lwow_ds18x20_start
 .text.lwow_ds18x20_read_raw
                0x0800dec4      0x258 ./Middlewares/Third_Party/LwOW/lwow_device_ds18x20.o
                0x0800dec4                lwow_ds18x20_read_raw
 .text.lwow_ds18x20_read
                0x0800e11c       0x72 ./Middlewares/Third_Party/LwOW/lwow_device_ds18x20.o
                0x0800e11c                lwow_ds18x20_read
 .text.lwow_ds18x20_is_b
                0x0800e18e       0x38 ./Middlewares/Third_Party/LwOW/lwow_device_ds18x20.o
                0x0800e18e                lwow_ds18x20_is_b
 .text.lwow_ds18x20_is_s
                0x0800e1c6       0x38 ./Middlewares/Third_Party/LwOW/lwow_device_ds18x20.o
                0x0800e1c6                lwow_ds18x20_is_s
 .text.init     0x0800e1fe       0x36 ./Middlewares/Third_Party/LwOW/lwow_ll_stm32_hal.o
 .text.deinit   0x0800e234       0x26 ./Middlewares/Third_Party/LwOW/lwow_ll_stm32_hal.o
 .text.set_baudrate
                0x0800e25a       0x2e ./Middlewares/Third_Party/LwOW/lwow_ll_stm32_hal.o
 .text.transmit_receive
                0x0800e288       0x68 ./Middlewares/Third_Party/LwOW/lwow_ll_stm32_hal.o
 .text.MX_USB_DEVICE_Init
                0x0800e2f0       0x60 ./USB_DEVICE/App/usb_device.o
                0x0800e2f0                MX_USB_DEVICE_Init
 .text.CDC_Init_FS
                0x0800e350       0x28 ./USB_DEVICE/App/usbd_cdc_if.o
 .text.CDC_DeInit_FS
                0x0800e378       0x10 ./USB_DEVICE/App/usbd_cdc_if.o
 .text.CDC_Control_FS
                0x0800e388       0xbc ./USB_DEVICE/App/usbd_cdc_if.o
 .text.CDC_Receive_FS
                0x0800e444       0x28 ./USB_DEVICE/App/usbd_cdc_if.o
 .text.CDC_Transmit_FS
                0x0800e46c       0x4c ./USB_DEVICE/App/usbd_cdc_if.o
                0x0800e46c                CDC_Transmit_FS
 .text.CDC_TransmitCplt_FS
                0x0800e4b8       0x22 ./USB_DEVICE/App/usbd_cdc_if.o
 *fill*         0x0800e4da        0x2 
 .text.USBD_FS_DeviceDescriptor
                0x0800e4dc       0x24 ./USB_DEVICE/App/usbd_desc.o
                0x0800e4dc                USBD_FS_DeviceDescriptor
 .text.USBD_FS_LangIDStrDescriptor
                0x0800e500       0x24 ./USB_DEVICE/App/usbd_desc.o
                0x0800e500                USBD_FS_LangIDStrDescriptor
 .text.USBD_FS_ProductStrDescriptor
                0x0800e524       0x3c ./USB_DEVICE/App/usbd_desc.o
                0x0800e524                USBD_FS_ProductStrDescriptor
 .text.USBD_FS_ManufacturerStrDescriptor
                0x0800e560       0x28 ./USB_DEVICE/App/usbd_desc.o
                0x0800e560                USBD_FS_ManufacturerStrDescriptor
 .text.USBD_FS_SerialStrDescriptor
                0x0800e588       0x24 ./USB_DEVICE/App/usbd_desc.o
                0x0800e588                USBD_FS_SerialStrDescriptor
 .text.USBD_FS_ConfigStrDescriptor
                0x0800e5ac       0x3c ./USB_DEVICE/App/usbd_desc.o
                0x0800e5ac                USBD_FS_ConfigStrDescriptor
 .text.USBD_FS_InterfaceStrDescriptor
                0x0800e5e8       0x3c ./USB_DEVICE/App/usbd_desc.o
                0x0800e5e8                USBD_FS_InterfaceStrDescriptor
 .text.Get_SerialNum
                0x0800e624       0x58 ./USB_DEVICE/App/usbd_desc.o
 .text.IntToUnicode
                0x0800e67c       0x7e ./USB_DEVICE/App/usbd_desc.o
 *fill*         0x0800e6fa        0x2 
 .text.HAL_PCD_MspInit
                0x0800e6fc       0xc4 ./USB_DEVICE/Target/usbd_conf.o
                0x0800e6fc                HAL_PCD_MspInit
 .text.HAL_PCD_SetupStageCallback
                0x0800e7c0       0x24 ./USB_DEVICE/Target/usbd_conf.o
                0x0800e7c0                HAL_PCD_SetupStageCallback
 .text.HAL_PCD_DataOutStageCallback
                0x0800e7e4       0x36 ./USB_DEVICE/Target/usbd_conf.o
                0x0800e7e4                HAL_PCD_DataOutStageCallback
 .text.HAL_PCD_DataInStageCallback
                0x0800e81a       0x34 ./USB_DEVICE/Target/usbd_conf.o
                0x0800e81a                HAL_PCD_DataInStageCallback
 .text.HAL_PCD_SOFCallback
                0x0800e84e       0x1c ./USB_DEVICE/Target/usbd_conf.o
                0x0800e84e                HAL_PCD_SOFCallback
 .text.HAL_PCD_ResetCallback
                0x0800e86a       0x50 ./USB_DEVICE/Target/usbd_conf.o
                0x0800e86a                HAL_PCD_ResetCallback
 *fill*         0x0800e8ba        0x2 
 .text.HAL_PCD_SuspendCallback
                0x0800e8bc       0x4c ./USB_DEVICE/Target/usbd_conf.o
                0x0800e8bc                HAL_PCD_SuspendCallback
 .text.HAL_PCD_ResumeCallback
                0x0800e908       0x1c ./USB_DEVICE/Target/usbd_conf.o
                0x0800e908                HAL_PCD_ResumeCallback
 .text.HAL_PCD_ISOOUTIncompleteCallback
                0x0800e924       0x24 ./USB_DEVICE/Target/usbd_conf.o
                0x0800e924                HAL_PCD_ISOOUTIncompleteCallback
 .text.HAL_PCD_ISOINIncompleteCallback
                0x0800e948       0x24 ./USB_DEVICE/Target/usbd_conf.o
                0x0800e948                HAL_PCD_ISOINIncompleteCallback
 .text.HAL_PCD_ConnectCallback
                0x0800e96c       0x1c ./USB_DEVICE/Target/usbd_conf.o
                0x0800e96c                HAL_PCD_ConnectCallback
 .text.HAL_PCD_DisconnectCallback
                0x0800e988       0x1c ./USB_DEVICE/Target/usbd_conf.o
                0x0800e988                HAL_PCD_DisconnectCallback
 .text.USBD_LL_Init
                0x0800e9a4       0x98 ./USB_DEVICE/Target/usbd_conf.o
                0x0800e9a4                USBD_LL_Init
 .text.USBD_LL_Start
                0x0800ea3c       0x36 ./USB_DEVICE/Target/usbd_conf.o
                0x0800ea3c                USBD_LL_Start
 .text.USBD_LL_OpenEP
                0x0800ea72       0x4c ./USB_DEVICE/Target/usbd_conf.o
                0x0800ea72                USBD_LL_OpenEP
 .text.USBD_LL_CloseEP
                0x0800eabe       0x3e ./USB_DEVICE/Target/usbd_conf.o
                0x0800eabe                USBD_LL_CloseEP
 .text.USBD_LL_StallEP
                0x0800eafc       0x3e ./USB_DEVICE/Target/usbd_conf.o
                0x0800eafc                USBD_LL_StallEP
 .text.USBD_LL_ClearStallEP
                0x0800eb3a       0x3e ./USB_DEVICE/Target/usbd_conf.o
                0x0800eb3a                USBD_LL_ClearStallEP
 .text.USBD_LL_IsStallEP
                0x0800eb78       0x58 ./USB_DEVICE/Target/usbd_conf.o
                0x0800eb78                USBD_LL_IsStallEP
 .text.USBD_LL_SetUSBAddress
                0x0800ebd0       0x3e ./USB_DEVICE/Target/usbd_conf.o
                0x0800ebd0                USBD_LL_SetUSBAddress
 .text.USBD_LL_Transmit
                0x0800ec0e       0x42 ./USB_DEVICE/Target/usbd_conf.o
                0x0800ec0e                USBD_LL_Transmit
 .text.USBD_LL_PrepareReceive
                0x0800ec50       0x42 ./USB_DEVICE/Target/usbd_conf.o
                0x0800ec50                USBD_LL_PrepareReceive
 .text.USBD_LL_GetRxDataSize
                0x0800ec92       0x26 ./USB_DEVICE/Target/usbd_conf.o
                0x0800ec92                USBD_LL_GetRxDataSize
 .text.USBD_static_malloc
                0x0800ecb8       0x1c ./USB_DEVICE/Target/usbd_conf.o
                0x0800ecb8                USBD_static_malloc
 .text.USBD_static_free
                0x0800ecd4       0x14 ./USB_DEVICE/Target/usbd_conf.o
                0x0800ecd4                USBD_static_free
 .text.USBD_Get_USB_Status
                0x0800ece8       0x58 ./USB_DEVICE/Target/usbd_conf.o
                0x0800ece8                USBD_Get_USB_Status
 .text.__cvt    0x0800ed40       0xca /opt/st/stm32cubeide_1.19.0/plugins/com.st.stm32cube.ide.mcu.externaltools.gnu-tools-for-stm32.13.3.rel1.linux64_1.0.0.202410170706/tools/bin/../lib/gcc/arm-none-eabi/13.3.1/../../../../arm-none-eabi/lib/thumb/v7e-m+fp/hard/libc_nano.a(libc_a-nano-vfprintf_float.o)
                0x0800ed40                __cvt
 .text.__exponent
                0x0800ee0a       0x74 /opt/st/stm32cubeide_1.19.0/plugins/com.st.stm32cube.ide.mcu.externaltools.gnu-tools-for-stm32.13.3.rel1.linux64_1.0.0.202410170706/tools/bin/../lib/gcc/arm-none-eabi/13.3.1/../../../../arm-none-eabi/lib/thumb/v7e-m+fp/hard/libc_nano.a(libc_a-nano-vfprintf_float.o)
                0x0800ee0a                __exponent
 *fill*         0x0800ee7e        0x2 
 .text._printf_float
                0x0800ee80      0x454 /opt/st/stm32cubeide_1.19.0/plugins/com.st.stm32cube.ide.mcu.externaltools.gnu-tools-for-stm32.13.3.rel1.linux64_1.0.0.202410170706/tools/bin/../lib/gcc/arm-none-eabi/13.3.1/../../../../arm-none-eabi/lib/thumb/v7e-m+fp/hard/libc_nano.a(libc_a-nano-vfprintf_float.o)
                0x0800ee80                _printf_float
 .text._printf_common
                0x0800f2d4       0xda /opt/st/stm32cubeide_1.19.0/plugins/com.st.stm32cube.ide.mcu.externaltools.gnu-tools-for-stm32.13.3.rel1.linux64_1.0.0.202410170706/tools/bin/../lib/gcc/arm-none-eabi/13.3.1/../../../../arm-none-eabi/lib/thumb/v7e-m+fp/hard/libc_nano.a(libc_a-nano-vfprintf_i.o)
                0x0800f2d4                _printf_common
 *fill*         0x0800f3ae        0x2 
 .text._printf_i
                0x0800f3b0      0x23c /opt/st/stm32cubeide_1.19.0/plugins/com.st.stm32cube.ide.mcu.externaltools.gnu-tools-for-stm32.13.3.rel1.linux64_1.0.0.202410170706/tools/bin/../lib/gcc/arm-none-eabi/13.3.1/../../../../arm-none-eabi/lib/thumb/v7e-m+fp/hard/libc_nano.a(libc_a-nano-vfprintf_i.o)
                0x0800f3b0                _printf_i
 .text.std      0x0800f5ec       0x6c /opt/st/stm32cubeide_1.19.0/plugins/com.st.stm32cube.ide.mcu.externaltools.gnu-tools-for-stm32.13.3.rel1.linux64_1.0.0.202410170706/tools/bin/../lib/gcc/arm-none-eabi/13.3.1/../../../../arm-none-eabi/lib/thumb/v7e-m+fp/hard/libc_nano.a(libc_a-findfp.o)
 .text.stdio_exit_handler
                0x0800f658       0x18 /opt/st/stm32cubeide_1.19.0/plugins/com.st.stm32cube.ide.mcu.externaltools.gnu-tools-for-stm32.13.3.rel1.linux64_1.0.0.202410170706/tools/bin/../lib/gcc/arm-none-eabi/13.3.1/../../../../arm-none-eabi/lib/thumb/v7e-m+fp/hard/libc_nano.a(libc_a-findfp.o)
 .text.cleanup_stdio
                0x0800f670       0x40 /opt/st/stm32cubeide_1.19.0/plugins/com.st.stm32cube.ide.mcu.externaltools.gnu-tools-for-stm32.13.3.rel1.linux64_1.0.0.202410170706/tools/bin/../lib/gcc/arm-none-eabi/13.3.1/../../../../arm-none-eabi/lib/thumb/v7e-m+fp/hard/libc_nano.a(libc_a-findfp.o)
 .text.global_stdio_init.part.0
                0x0800f6b0       0x3c /opt/st/stm32cubeide_1.19.0/plugins/com.st.stm32cube.ide.mcu.externaltools.gnu-tools-for-stm32.13.3.rel1.linux64_1.0.0.202410170706/tools/bin/../lib/gcc/arm-none-eabi/13.3.1/../../../../arm-none-eabi/lib/thumb/v7e-m+fp/hard/libc_nano.a(libc_a-findfp.o)
 .text.__sfp_lock_acquire
                0x0800f6ec        0xc /opt/st/stm32cubeide_1.19.0/plugins/com.st.stm32cube.ide.mcu.externaltools.gnu-tools-for-stm32.13.3.rel1.linux64_1.0.0.202410170706/tools/bin/../lib/gcc/arm-none-eabi/13.3.1/../../../../arm-none-eabi/lib/thumb/v7e-m+fp/hard/libc_nano.a(libc_a-findfp.o)
                0x0800f6ec                __sfp_lock_acquire
 .text.__sfp_lock_release
                0x0800f6f8        0xc /opt/st/stm32cubeide_1.19.0/plugins/com.st.stm32cube.ide.mcu.externaltools.gnu-tools-for-stm32.13.3.rel1.linux64_1.0.0.202410170706/tools/bin/../lib/gcc/arm-none-eabi/13.3.1/../../../../arm-none-eabi/lib/thumb/v7e-m+fp/hard/libc_nano.a(libc_a-findfp.o)
                0x0800f6f8                __sfp_lock_release
 .text.__sinit  0x0800f704       0x30 /opt/st/stm32cubeide_1.19.0/plugins/com.st.stm32cube.ide.mcu.externaltools.gnu-tools-for-stm32.13.3.rel1.linux64_1.0.0.202410170706/tools/bin/../lib/gcc/arm-none-eabi/13.3.1/../../../../arm-none-eabi/lib/thumb/v7e-m+fp/hard/libc_nano.a(libc_a-findfp.o)
                0x0800f704                __sinit
 .text._fwalk_sglue
                0x0800f734       0x3c /opt/st/stm32cubeide_1.19.0/plugins/com.st.stm32cube.ide.mcu.externaltools.gnu-tools-for-stm32.13.3.rel1.linux64_1.0.0.202410170706/tools/bin/../lib/gcc/arm-none-eabi/13.3.1/../../../../arm-none-eabi/lib/thumb/v7e-m+fp/hard/libc_nano.a(libc_a-fwalk.o)
                0x0800f734                _fwalk_sglue
 .text.snprintf
                0x0800f770       0x6c /opt/st/stm32cubeide_1.19.0/plugins/com.st.stm32cube.ide.mcu.externaltools.gnu-tools-for-stm32.13.3.rel1.linux64_1.0.0.202410170706/tools/bin/../lib/gcc/arm-none-eabi/13.3.1/../../../../arm-none-eabi/lib/thumb/v7e-m+fp/hard/libc_nano.a(libc_a-snprintf.o)
                0x0800f770                snprintf
                0x0800f770                sniprintf
 .text.__sread  0x0800f7dc       0x22 /opt/st/stm32cubeide_1.19.0/plugins/com.st.stm32cube.ide.mcu.externaltools.gnu-tools-for-stm32.13.3.rel1.linux64_1.0.0.202410170706/tools/bin/../lib/gcc/arm-none-eabi/13.3.1/../../../../arm-none-eabi/lib/thumb/v7e-m+fp/hard/libc_nano.a(libc_a-stdio.o)
                0x0800f7dc                __sread
 .text.__swrite
                0x0800f7fe       0x38 /opt/st/stm32cubeide_1.19.0/plugins/com.st.stm32cube.ide.mcu.externaltools.gnu-tools-for-stm32.13.3.rel1.linux64_1.0.0.202410170706/tools/bin/../lib/gcc/arm-none-eabi/13.3.1/../../../../arm-none-eabi/lib/thumb/v7e-m+fp/hard/libc_nano.a(libc_a-stdio.o)
                0x0800f7fe                __swrite
 .text.__sseek  0x0800f836       0x24 /opt/st/stm32cubeide_1.19.0/plugins/com.st.stm32cube.ide.mcu.externaltools.gnu-tools-for-stm32.13.3.rel1.linux64_1.0.0.202410170706/tools/bin/../lib/gcc/arm-none-eabi/13.3.1/../../../../arm-none-eabi/lib/thumb/v7e-m+fp/hard/libc_nano.a(libc_a-stdio.o)
                0x0800f836                __sseek
 .text.__sclose
                0x0800f85a        0x8 /opt/st/stm32cubeide_1.19.0/plugins/com.st.stm32cube.ide.mcu.externaltools.gnu-tools-for-stm32.13.3.rel1.linux64_1.0.0.202410170706/tools/bin/../lib/gcc/arm-none-eabi/13.3.1/../../../../arm-none-eabi/lib/thumb/v7e-m+fp/hard/libc_nano.a(libc_a-stdio.o)
                0x0800f85a                __sclose
 .text.memset   0x0800f862       0x10 /opt/st/stm32cubeide_1.19.0/plugins/com.st.stm32cube.ide.mcu.externaltools.gnu-tools-for-stm32.13.3.rel1.linux64_1.0.0.202410170706/tools/bin/../lib/gcc/arm-none-eabi/13.3.1/../../../../arm-none-eabi/lib/thumb/v7e-m+fp/hard/libc_nano.a(libc_a-memset.o)
                0x0800f862                memset
 *fill*         0x0800f872        0x2 
 .text._localeconv_r
                0x0800f874        0x8 /opt/st/stm32cubeide_1.19.0/plugins/com.st.stm32cube.ide.mcu.externaltools.gnu-tools-for-stm32.13.3.rel1.linux64_1.0.0.202410170706/tools/bin/../lib/gcc/arm-none-eabi/13.3.1/../../../../arm-none-eabi/lib/thumb/v7e-m+fp/hard/libc_nano.a(libc_a-localeconv.o)
                0x0800f874                _localeconv_r
 .text._close_r
                0x0800f87c       0x20 /opt/st/stm32cubeide_1.19.0/plugins/com.st.stm32cube.ide.mcu.externaltools.gnu-tools-for-stm32.13.3.rel1.linux64_1.0.0.202410170706/tools/bin/../lib/gcc/arm-none-eabi/13.3.1/../../../../arm-none-eabi/lib/thumb/v7e-m+fp/hard/libc_nano.a(libc_a-closer.o)
                0x0800f87c                _close_r
 .text._reclaim_reent
                0x0800f89c       0xbc /opt/st/stm32cubeide_1.19.0/plugins/com.st.stm32cube.ide.mcu.externaltools.gnu-tools-for-stm32.13.3.rel1.linux64_1.0.0.202410170706/tools/bin/../lib/gcc/arm-none-eabi/13.3.1/../../../../arm-none-eabi/lib/thumb/v7e-m+fp/hard/libc_nano.a(libc_a-reent.o)
                0x0800f89c                _reclaim_reent
 .text._lseek_r
                0x0800f958       0x24 /opt/st/stm32cubeide_1.19.0/plugins/com.st.stm32cube.ide.mcu.externaltools.gnu-tools-for-stm32.13.3.rel1.linux64_1.0.0.202410170706/tools/bin/../lib/gcc/arm-none-eabi/13.3.1/../../../../arm-none-eabi/lib/thumb/v7e-m+fp/hard/libc_nano.a(libc_a-lseekr.o)
                0x0800f958                _lseek_r
 .text._read_r  0x0800f97c       0x24 /opt/st/stm32cubeide_1.19.0/plugins/com.st.stm32cube.ide.mcu.externaltools.gnu-tools-for-stm32.13.3.rel1.linux64_1.0.0.202410170706/tools/bin/../lib/gcc/arm-none-eabi/13.3.1/../../../../arm-none-eabi/lib/thumb/v7e-m+fp/hard/libc_nano.a(libc_a-readr.o)
                0x0800f97c                _read_r
 .text._write_r
                0x0800f9a0       0x24 /opt/st/stm32cubeide_1.19.0/plugins/com.st.stm32cube.ide.mcu.externaltools.gnu-tools-for-stm32.13.3.rel1.linux64_1.0.0.202410170706/tools/bin/../lib/gcc/arm-none-eabi/13.3.1/../../../../arm-none-eabi/lib/thumb/v7e-m+fp/hard/libc_nano.a(libc_a-writer.o)
                0x0800f9a0                _write_r
 .text.__errno  0x0800f9c4        0xc /opt/st/stm32cubeide_1.19.0/plugins/com.st.stm32cube.ide.mcu.externaltools.gnu-tools-for-stm32.13.3.rel1.linux64_1.0.0.202410170706/tools/bin/../lib/gcc/arm-none-eabi/13.3.1/../../../../arm-none-eabi/lib/thumb/v7e-m+fp/hard/libc_nano.a(libc_a-errno.o)
                0x0800f9c4                __errno
 .text.__libc_init_array
                0x0800f9d0       0x48 /opt/st/stm32cubeide_1.19.0/plugins/com.st.stm32cube.ide.mcu.externaltools.gnu-tools-for-stm32.13.3.rel1.linux64_1.0.0.202410170706/tools/bin/../lib/gcc/arm-none-eabi/13.3.1/../../../../arm-none-eabi/lib/thumb/v7e-m+fp/hard/libc_nano.a(libc_a-init.o)
                0x0800f9d0                __libc_init_array
 .text.__retarget_lock_init_recursive
                0x0800fa18        0x2 /opt/st/stm32cubeide_1.19.0/plugins/com.st.stm32cube.ide.mcu.externaltools.gnu-tools-for-stm32.13.3.rel1.linux64_1.0.0.202410170706/tools/bin/../lib/gcc/arm-none-eabi/13.3.1/../../../../arm-none-eabi/lib/thumb/v7e-m+fp/hard/libc_nano.a(libc_a-lock.o)
                0x0800fa18                __retarget_lock_init_recursive
 .text.__retarget_lock_acquire_recursive
                0x0800fa1a        0x2 /opt/st/stm32cubeide_1.19.0/plugins/com.st.stm32cube.ide.mcu.externaltools.gnu-tools-for-stm32.13.3.rel1.linux64_1.0.0.202410170706/tools/bin/../lib/gcc/arm-none-eabi/13.3.1/../../../../arm-none-eabi/lib/thumb/v7e-m+fp/hard/libc_nano.a(libc_a-lock.o)
                0x0800fa1a                __retarget_lock_acquire_recursive
 .text.__retarget_lock_release_recursive
                0x0800fa1c        0x2 /opt/st/stm32cubeide_1.19.0/plugins/com.st.stm32cube.ide.mcu.externaltools.gnu-tools-for-stm32.13.3.rel1.linux64_1.0.0.202410170706/tools/bin/../lib/gcc/arm-none-eabi/13.3.1/../../../../arm-none-eabi/lib/thumb/v7e-m+fp/hard/libc_nano.a(libc_a-lock.o)
                0x0800fa1c                __retarget_lock_release_recursive
 .text.memcpy   0x0800fa1e       0x1c /opt/st/stm32cubeide_1.19.0/plugins/com.st.stm32cube.ide.mcu.externaltools.gnu-tools-for-stm32.13.3.rel1.linux64_1.0.0.202410170706/tools/bin/../lib/gcc/arm-none-eabi/13.3.1/../../../../arm-none-eabi/lib/thumb/v7e-m+fp/hard/libc_nano.a(libc_a-memcpy-stub.o)
                0x0800fa1e                memcpy
 .text.quorem   0x0800fa3a      0x110 /opt/st/stm32cubeide_1.19.0/plugins/com.st.stm32cube.ide.mcu.externaltools.gnu-tools-for-stm32.13.3.rel1.linux64_1.0.0.202410170706/tools/bin/../lib/gcc/arm-none-eabi/13.3.1/../../../../arm-none-eabi/lib/thumb/v7e-m+fp/hard/libc_nano.a(libc_a-dtoa.o)
 *fill*         0x0800fb4a        0x6 
 .text._dtoa_r  0x0800fb50      0xba0 /opt/st/stm32cubeide_1.19.0/plugins/com.st.stm32cube.ide.mcu.externaltools.gnu-tools-for-stm32.13.3.rel1.linux64_1.0.0.202410170706/tools/bin/../lib/gcc/arm-none-eabi/13.3.1/../../../../arm-none-eabi/lib/thumb/v7e-m+fp/hard/libc_nano.a(libc_a-dtoa.o)
                0x0800fb50                _dtoa_r
 .text._free_r  0x080106f0       0x94 /opt/st/stm32cubeide_1.19.0/plugins/com.st.stm32cube.ide.mcu.externaltools.gnu-tools-for-stm32.13.3.rel1.linux64_1.0.0.202410170706/tools/bin/../lib/gcc/arm-none-eabi/13.3.1/../../../../arm-none-eabi/lib/thumb/v7e-m+fp/hard/libc_nano.a(libc_a-freer.o)
                0x080106f0                _free_r
 .text.malloc   0x08010784       0x10 /opt/st/stm32cubeide_1.19.0/plugins/com.st.stm32cube.ide.mcu.externaltools.gnu-tools-for-stm32.13.3.rel1.linux64_1.0.0.202410170706/tools/bin/../lib/gcc/arm-none-eabi/13.3.1/../../../../arm-none-eabi/lib/thumb/v7e-m+fp/hard/libc_nano.a(libc_a-malloc.o)
                0x08010784                malloc
 .text.sbrk_aligned
                0x08010794       0x44 /opt/st/stm32cubeide_1.19.0/plugins/com.st.stm32cube.ide.mcu.externaltools.gnu-tools-for-stm32.13.3.rel1.linux64_1.0.0.202410170706/tools/bin/../lib/gcc/arm-none-eabi/13.3.1/../../../../arm-none-eabi/lib/thumb/v7e-m+fp/hard/libc_nano.a(libc_a-mallocr.o)
 .text._malloc_r
                0x080107d8      0x100 /opt/st/stm32cubeide_1.19.0/plugins/com.st.stm32cube.ide.mcu.externaltools.gnu-tools-for-stm32.13.3.rel1.linux64_1.0.0.202410170706/tools/bin/../lib/gcc/arm-none-eabi/13.3.1/../../../../arm-none-eabi/lib/thumb/v7e-m+fp/hard/libc_nano.a(libc_a-mallocr.o)
                0x080107d8                _malloc_r
 .text.__malloc_lock
                0x080108d8        0xc /opt/st/stm32cubeide_1.19.0/plugins/com.st.stm32cube.ide.mcu.externaltools.gnu-tools-for-stm32.13.3.rel1.linux64_1.0.0.202410170706/tools/bin/../lib/gcc/arm-none-eabi/13.3.1/../../../../arm-none-eabi/lib/thumb/v7e-m+fp/hard/libc_nano.a(libc_a-mlock.o)
                0x080108d8                __malloc_lock
 .text.__malloc_unlock
                0x080108e4        0xc /opt/st/stm32cubeide_1.19.0/plugins/com.st.stm32cube.ide.mcu.externaltools.gnu-tools-for-stm32.13.3.rel1.linux64_1.0.0.202410170706/tools/bin/../lib/gcc/arm-none-eabi/13.3.1/../../../../arm-none-eabi/lib/thumb/v7e-m+fp/hard/libc_nano.a(libc_a-mlock.o)
                0x080108e4                __malloc_unlock
 .text._Balloc  0x080108f0       0x80 /opt/st/stm32cubeide_1.19.0/plugins/com.st.stm32cube.ide.mcu.externaltools.gnu-tools-for-stm32.13.3.rel1.linux64_1.0.0.202410170706/tools/bin/../lib/gcc/arm-none-eabi/13.3.1/../../../../arm-none-eabi/lib/thumb/v7e-m+fp/hard/libc_nano.a(libc_a-mprec.o)
                0x080108f0                _Balloc
 .text._Bfree   0x08010970       0x44 /opt/st/stm32cubeide_1.19.0/plugins/com.st.stm32cube.ide.mcu.externaltools.gnu-tools-for-stm32.13.3.rel1.linux64_1.0.0.202410170706/tools/bin/../lib/gcc/arm-none-eabi/13.3.1/../../../../arm-none-eabi/lib/thumb/v7e-m+fp/hard/libc_nano.a(libc_a-mprec.o)
                0x08010970                _Bfree
 .text.__multadd
                0x080109b4       0x8c /opt/st/stm32cubeide_1.19.0/plugins/com.st.stm32cube.ide.mcu.externaltools.gnu-tools-for-stm32.13.3.rel1.linux64_1.0.0.202410170706/tools/bin/../lib/gcc/arm-none-eabi/13.3.1/../../../../arm-none-eabi/lib/thumb/v7e-m+fp/hard/libc_nano.a(libc_a-mprec.o)
                0x080109b4                __multadd
 .text.__hi0bits
                0x08010a40       0x3e /opt/st/stm32cubeide_1.19.0/plugins/com.st.stm32cube.ide.mcu.externaltools.gnu-tools-for-stm32.13.3.rel1.linux64_1.0.0.202410170706/tools/bin/../lib/gcc/arm-none-eabi/13.3.1/../../../../arm-none-eabi/lib/thumb/v7e-m+fp/hard/libc_nano.a(libc_a-mprec.o)
                0x08010a40                __hi0bits
 .text.__lo0bits
                0x08010a7e       0x5a /opt/st/stm32cubeide_1.19.0/plugins/com.st.stm32cube.ide.mcu.externaltools.gnu-tools-for-stm32.13.3.rel1.linux64_1.0.0.202410170706/tools/bin/../lib/gcc/arm-none-eabi/13.3.1/../../../../arm-none-eabi/lib/thumb/v7e-m+fp/hard/libc_nano.a(libc_a-mprec.o)
                0x08010a7e                __lo0bits
 .text.__i2b    0x08010ad8       0x2c /opt/st/stm32cubeide_1.19.0/plugins/com.st.stm32cube.ide.mcu.externaltools.gnu-tools-for-stm32.13.3.rel1.linux64_1.0.0.202410170706/tools/bin/../lib/gcc/arm-none-eabi/13.3.1/../../../../arm-none-eabi/lib/thumb/v7e-m+fp/hard/libc_nano.a(libc_a-mprec.o)
                0x08010ad8                __i2b
 .text.__multiply